[backblue.gif]
[fade.gif]
[index.html]
[www.microsoft.com/index.html]
[www.microsoft.com/pt-pt/index.html]
[www.microsoft.com/favicon1b26.ico]
[www.microsoft.com/pt-pt.html]
[www.microsoft.com/etc.clientlibs/microsoft/clientlibs/clientlib-mwf-new/main-light.min.ACSHASH3e822d6827d4b41cd4b5e8a7d66a7e5f.css]
[www.microsoft.com/etc.clientlibs/microsoft/clientlibs/clientlib-base.min.ACSHASH50628e34bba9f2b65078edc419e409b3.css]
[www.microsoft.com/etc.clientlibs/microsoft/clientlibs/clientlib-uhf.min.ACSHASHf9f2395c582fa601707b7a5dfae9f05f.css]
[www.microsoft.com/etc.clientlibs/microsoft/clientlibs/clientlib-polyfills/resources/ie11-polyfills.js]
[www.microsoft.com/etc.clientlibs/microsoft/clientlibs/clientlib-polyfills.min.ACSHASH87340f968f85ec162e195e5217994ae7.js]
[www.microsoft.com/etc.clientlibs/microsoft/clientlibs/clientlib-jquery.min.ACSHASHb1168f0ce867875996c28ca9e8b4949b.js]
[www.microsoft.com/etc.clientlibs/microsoft/clientlibs/clientlib-jquery-cookie.min.ACSHASHa67d659f582bf93e1d8156fc182326f5.js]
[www.microsoft.com/etc.clientlibs/microsoft/clientlibs/exp-analytics/v1.min.ACSHASHd825183b3614c7a5dca53474beaec39e.js]
[www.microsoft.com/etc.clientlibs/microsoft/clientlibs/exp-cookiecomp/v1.min.ACSHASH3007ee72081412fbd8b665a01afb7cad.js]
[www.microsoft.com/etc.clientlibs/microsoft/components/content/holiday-themer/v1/holiday-themer/clientlibs/site.min.ACSHASHca07771c800c8dbc085e2a351d219e77.js]
[www.microsoft.com/onerfstatics/marketingsites-neu-prod/west-european/shell/_scrf/css/themes=default.device=uplevel_web_pc_webkit_chr/79-4cdd0a/33-ae3d41/a5-4bf7a2/13-8e1ceb/81-32f0c0/5c-b/ef-a24652.c2f21.delaye]
[statics-marketingsites-neu-ms-com.akamaized.net/statics/override.css]
[www.microsoft.com/pt-pt/microsoft-36553a7.html]
[www.microsoft.com/pt-pt/microsoft-teams/group-chat-software53a7.html]
[www.microsoft.com/en-us/surface.html]
[www.microsoft.com/pt-pt/windows/index.html]
[www.microsoft.com/pt-pt/store/b/salec8fe.html]
[www.microsoft.com/pt-pt/store/b/business.html]
[www.microsoft.com/pt-pt/store/b/xbox30cb.html]
[www.microsoft.com/pt-pt/store/b/accessories3d24.html]
[www.microsoft.com/pt-pt/store/top-paid/games/xbox.html]
[www.microsoft.com/pt-pt/store/games/windows817a.html]
[www.microsoft.com/pt-pt/store/games/windows9037.html]
[www.microsoft.com/pt-pt/microsoft-cloud53a7.html]
[www.microsoft.com/pt-pt/security53a7.html]
[www.microsoft.com/pt-pt/microsoft-365/business53a7.html]
[www.microsoft.com/pt-pt/industry53a7.html]
[www.microsoft.com/pt-pt/windows-36553a7.html]
[www.microsoft.com/pt-pt/download/default.html]
[www.microsoft.com/pt-pt/educationa2a7.html]
[www.microsoft.com/pt-pt/sitemap.html]
[www.microsoft.com/etc.clientlibs/microsoft/components/content/universalheader/v1/universalheader/clientlibs/site.min.ACSHASH0df7fef27e9de44acae5b384a20f2542.js]
[www.microsoft.com/pt-pt/store/buy.html]
[www.microsoft.com/etc.clientlibs/microsoft/components/content/highlightcarousel/v1/highlightcarousel/clientlibs/site.min.ACSHASH58ded7ec79d32269013420240bdd4f9f.css]
[www.microsoft.com/etc.clientlibs/microsoft/components/content/highlight/v1/highlight/clientlibs/site.min.ACSHASHaae55fd1705718f75074813dfcc832ec.js]
[www.microsoft.com/etc.clientlibs/microsoft/components/content/highlightcarousel/v1/highlightcarousel/clientlibs/site.min.ACSHASH6ed56cb8f73d7269f8148a22dae6f004.js]
[www.microsoft.com/pt-pt/d/surface-pro-9/93VKD8NP4FVK5d9a.html]
[www.microsoft.com/etc.clientlibs/microsoft/clientlibs/clientlib-base.min.ACSHASH5027d29a16b05cee6be7562b8caea65f.js]
[www.microsoft.com/pt-pt/microsoft-365/buy/compare-all-microsoft-365-productsd1d0.html]
[www.microsoft.com/pt-pt/store/collections/surfacelist5015.html]
[www.microsoft.com/pt-pt/store/b/accessoriesd980.html]
[www.microsoft.com/pt-pt/windows/get-windows-11e9d7.html]
[www.microsoft.com/pt-pt/store/b/xboxa48b.html]
[www.microsoft.com/pt-pt/store/b/business0657.html]
[www.microsoft.com/etc.clientlibs/microsoft/components/content/content-card/v1/content-card/clientlibs/site.min.ACSHASH48501a4d0f4564d484ac84ade1bb653d.js]
[via.placeholder.com/1.png]
[www.microsoft.com/pt-pt/d/surface-laptop-5/8XN49V61S1BNdd99.html]
[www.microsoft.com/pt-pt/d/surface-laptop-studio/8SRDF62SWKPFd9c7.html]
[www.microsoft.com/pt-pt/microsoft-365/p/microsoft-365-personal/cfq7ttc0k5bf10bb.html]
[www.microsoft.com/pt-pt/microsoft-365/p/microsoft-365-family/cfq7ttc0k5dm052e.html]
[www.microsoft.com/pt-pt/store/collections/xboxaccessoriesca0e.html]
[www.microsoft.com/pt-pt/d/surface-pro-9-for-business/8XJC219DG79Z78df.html]
[www.microsoft.com/pt-pt/windows-3651f10.html]
[www.microsoft.com/pt-pt/microsoft-365/business/compare-all-microsoft-365-business-products6007.html]
[www.microsoft.com/pt-pt/microsoft-teams/free8e70.html]
[www.microsoft.com/etc.clientlibs/microsoft/components/content/back-to-top-button/v1/back-to-top-button/clientlibs/sites.min.ACSHASHf6ffff8a8fec7f49605eedfe67c90d10.css]
[www.microsoft.com/etc.clientlibs/microsoft/components/content/back-to-top-button/v1/back-to-top-button/clientlibs/sites.min.ACSHASH2b973beecf0db761f5e2d0453e76b82e.js]
[www.microsoft.com/pt-pt/d/surface-pro-9/93VKD8NP4FVK.html]
[www.microsoft.com/pt-pt/d/surface-laptop-5/8XN49V61S1BN.html]
[www.microsoft.com/pt-pt/d/surface-studio-2plus/8VLFQC3597K4.html]
[www.microsoft.com/pt-pt/d/surface-laptop-go-2/8PGLPV76MJHN.html]
[www.microsoft.com/pt-pt/d/surface-laptop-studio/8SRDF62SWKPF.html]
[www.microsoft.com/en-us/windows/windows-11-apps.html]
[www.microsoft.com/pt-pt/download.html]
[www.microsoft.com/pt-pt/store/b/recycling6a78.html]
[www.microsoft.com/pt-pt/store/b/aboutwarranties6a78.html]
[www.microsoft.com/en-us/education.html]
[www.microsoft.com/en-us/education/devices/overview.html]
[www.microsoft.com/en-us/education/products/teams.html]
[www.microsoft.com/en-us/education/products/office.html]
[www.microsoft.com/pt-pt/store/b/student.html]
[www.microsoft.com/pt-pt/about.html]
[www.microsoft.com/en-us/investor.html]
[www.microsoft.com/pt-pt/locale.html]
[wcpstatic.microsoft.com/mscc/lib/v2/wcp-consent.js]
[www.microsoft.com/etc.clientlibs/microsoft/clientlibs/clientlib-mwf-new/main-light.min.ACSHASHf482e47f46fb33d80b20334060534d1c.js]
[www.microsoft.com/onerfstatics/marketingsites-neu-prod/shell/_scrf/js/themes=default/8e-e88b64/82-2a4f02/49-a00ab0/92-02e55d/7c-dcea75/75-fca72d/ed-e77ee7/d5-bf34c0/a9-078595/7a-7ea8cc/2/37-8473b9.62aff3.delaye]
[www.microsoft.com/etc.clientlibs/microsoft/clientlibs/clientlib-httpclient.min.ACSHASHb6908ac6a799a938113af1ac071078bd.js]
[www.microsoft.com/etc.clientlibs/microsoft/clientlibs/clientlib-cookieconsent.min.ACSHASHc892f451b0c4db9c8ab2601a427c9b2c.js]
[www.microsoft.com/etc.clientlibs/microsoft/components/structure/page/clientlibs/embed-thirdparty.min.ACSHASHebf52f3d1547aaaa48ca65496e01fd9a.js]
[www.microsoft.com/etc.clientlibs/microsoft/components/structure/page/clientlibs/featurecontrol.min.ACSHASHf120033122e43a4cb0b53bb306afc5dc.js]
[www.microsoft.com/etc.clientlibs/microsoft/components/structure/page/clientlibs/custom-oneds.min.ACSHASH174e07175aab6b44fa1e08218175523a.js]
[www.microsoft.com/etc.clientlibs/microsoft/clientlibs/clientlib-greenid.min.ACSHASH44a811225ab0a12502f646d624dede72.js]
[www.microsoft.com/pt-pt/index.html]
[www.microsoft.com/pt-pt.html]
[www.microsoft.com/etc.clientlibs/microsoft/clientlibs/clientlib-mwf-new/resources/fonts/MWFUISymbol.woff2]
[www.microsoft.com/etc.clientlibs/microsoft/clientlibs/clientlib-mwf-new/resources/fonts/MWFUISymbol.woff]
[www.microsoft.com/etc.clientlibs/microsoft/clientlibs/clientlib-mwf-new/main-light.min.ACSHASH3e822d6827d4b41cd4b5e8a7d66a7e5f.css]
[www.microsoft.com/etc.clientlibs/microsoft/clientlibs/clientlib-mwf-new/resources/fonts/MWFUISymbol.ttf]
[www.microsoft.com/mwf/_h/v3.54/mwf.app/fonts/mwfmdl2-v3.54.woff]
[www.microsoft.com/mwf/_h/v3.54/mwf.app/fonts/mwfmdl2-v3.54.ttf]
[www.microsoft.com/mwf/_h/v3.54/mwf.app/fonts/mwfmdl2-v3.54.svg]
[www.microsoft.com/etc.clientlibs/microsoft/clientlibs/clientlib-base.min.ACSHASH50628e34bba9f2b65078edc419e409b3.css]
[www.microsoft.com/etc.clientlibs/microsoft/clientlibs/clientlib-uhf.min.ACSHASHf9f2395c582fa601707b7a5dfae9f05f.css]
[www.microsoft.com/onerfstatics/marketingsites-neu-prod/west-european/shell/_scrf/css/themes=default.device=uplevel_web_pc_webkit_chr/79-4cdd0a/33-ae3d41/a5-4bf7a2/13-8e1ceb/81-32f0c0/5c-b/ef-a24652.c2f21.delaye]
[statics-marketingsites-neu-ms-com.akamaized.net/statics/override.css]
[www.microsoft.com/pt-pt/microsoft-365.html]
[www.microsoft.com/etc.clientlibs/onecloud/clientlibs/clientlib-mwf-new/main-m365.min.ACSHASH610a8c30274d2255664d37564b8e5ee2.css]
[www.microsoft.com/etc.clientlibs/onecloud/clientlibs/clientlib-mwf-ext/main-m365.min.ACSHASH51cb6cab0637ddf56feffa792527afe8.css]
[www.microsoft.com/etc.clientlibs/onecloud/clientlibs/clientlib-events.min.ACSHASH7344ea3f173fdfa77c63bae1fed1c87d.js]
[az725175.vo.msecnd.net/scripts/jsll-4.js]
[www.microsoft.com/onerfstatics/marketingsites-neu-prod/west-european/shell/_scrf/css/themes=default.device=uplevel_web_pc_edge/79-4cdd0a/33-ae3d41/a5-4bf7a2/13-8e1ceb/81-32f0c0/5c-b7b685/ef-a24652.792f21.delaye]
[www.microsoft.com/pt-pt/microsoft-365/buy/compare-all-microsoft-365-products60c9.html]
[www.microsoft.com/pt-pt/microsoft-365/p/microsoft-365-family/cfq7ttc0k5dm.html]
[www.microsoft.com/pt-pt/microsoft-365/p/microsoft-365-personal/cfq7ttc0k5bf.html]
[www.microsoft.com/pt-pt/education/products/office.html]
[www.microsoft.com/pt-pt/microsoft-365/explore-microsoft-365-for-home.html]
[www.microsoft.com/pt-pt/microsoft-365/business/compare-all-microsoft-365-business-products88af.html]
[www.microsoft.com/pt-pt/microsoft-365/business.html]
[www.microsoft.com/pt-pt/microsoft-365/compare-microsoft-365-enterprise-plans.html]
[www.microsoft.com/pt-pt/microsoft-365/enterprise.html]
[www.microsoft.com/pt-pt/microsoft-365/enterprise/frontline.html]
[www.microsoft.com/pt-pt/microsoft-365/excel.html]
[www.microsoft.com/pt-pt/microsoft-teams/group-chat-software.html]
[www.microsoft.com/pt-pt/microsoft-365/word.html]
[www.microsoft.com/pt-pt/microsoft-365/onedrive/online-cloud-storage.html]
[www.microsoft.com/pt-pt/microsoft-365/onenote/digital-note-taking-app.html]
[www.microsoft.com/pt-pt/microsoft-365/outlook/email-and-calendar-software-microsoft-outlook.html]
[www.microsoft.com/pt-pt/microsoft-365/powerpoint.html]
[www.microsoft.com/pt-pt/microsoft-365/project/project-management-software53a7.html]
[www.microsoft.com/pt-pt/microsoft-365/sharepoint/collaboration.html]
[www.microsoft.com/pt-pt/microsoft-365/products-apps-services.html]
[www.microsoft.com/pt-pt/microsoft-365/microsoft-office.html]
[www.microsoft.com/pt-pt/windows-365.html]
[www.microsoft.com/pt-pt/security/mobile-authenticator-app.html]
[www.microsoft.com/pt-pt/security/business/enterprise-mobility-security]
[www.microsoft.com/pt-pt/security/business53a7.html]
[www.microsoft.com/pt-pt/microsoft-365/nonprofit/plans-and-pricing.html]
[www.microsoft.com/pt-pt/microsoft-365/family-safety.html]
[www.microsoft.com/pt-pt/microsoft-viva.html]
[www.microsoft.com/pt-pt/microsoft-365/enterprise/do-more-with-less.html]
[www.microsoft.com/pt-pt/microsoft-365/microsoft-365-for-home-and-school-faq.html]
[www.microsoft.com/pt-pt/microsoft-365/find-a-partner]
[www.microsoft.com/pt-pt/microsoft-365/business/sales-support.html]
[www.microsoft.com/pt-pt/microsoft-365/support.html]
[www.microsoft.com/pt-pt/microsoft-365/buy/compare-all-microsoft-365-products.html]
[www.microsoft.com/etc.clientlibs/microsoft/components/content/alert/v1/alert/clientlibs/site.min.ACSHASH7c34475ccd4fb5689f833f1255874583.css]
[www.microsoft.com/etc.clientlibs/microsoft/components/content/alert/v1/alert/clientlibs/site.min.ACSHASH0aa0f2b681b80781a6d691a5062cba7d.js]
[www.microsoft.com/pt-pt/microsoft-365/buy/compare-all-microsoft-365-products9e66.html]
[www.microsoft.com/etc.clientlibs/onecloud/components/content/highlight/v1/highlight/clientlibs/site.min.ACSHASHcced67ac82867a5838572397f6cfd860.js]
[www.microsoft.com/etc.clientlibs/microsoft/components/content/feature/v1/feature/clientlibs/site.min.ACSHASH63751b2b6b6ef967be64041d603e906b.js]
[www.microsoft.com/etc.clientlibs/onecloud/components/content/areaheading/v1/areaheading/clientlibs/site.min.ACSHASH584107f1c2463f8acd905ecfa4ff5668.js]
[www.microsoft.com/etc.clientlibs/onecloud/components/content/key-message/v1/key-message/clientlibs/site.min.ACSHASH1d326b6a71c2dac6e3e8786d8499eb1e.js]
[www.microsoft.com/pt-PT/microsoft-365/locale.html]
[www.microsoft.com/etc.clientlibs/onecloud/clientlibs/clientlib-mwf-ext/main-m365.min.ACSHASHd34fce6586412fc1faf7731fe5adba54.js]
[www.microsoft.com/etc.clientlibs/onecloud/clientlibs/clientlib-site.min.ACSHASH4c1f1c6a4ff877c820e56e5ab869262b.js]
[www.microsoft.com/etc.clientlibs/onecloud/clientlibs/clientlib-cookievalidator.min.ACSHASH57e17bc5d041e292fab3625ef861658a.js]
[www.microsoft.com/etc.clientlibs/onecloud/clientlibs/clientlib-chat.min.ACSHASHfa6f56b2d3037982772378233706c9af.css]
[www.microsoft.com/etc.clientlibs/onecloud/clientlibs/clientlib-chat.min.ACSHASHe4b04879258323e2686f22198591f55f.js]
[www.microsoft.com/etc.clientlibs/onecloud/clientlibs/clientlib-market-layer.min.ACSHASH52cb8441e33acc0de9f858216525fc58.js]
[www.microsoft.com/pt-pt/microsoft-36553a7.html]
[www.microsoft.com/etc.clientlibs/onecloud/clientlibs/clientlib-mwf-new/main-teams.min.ACSHASHd1fd10c8b699984d50c7f2fc8e63ef14.css]
[www.microsoft.com/etc.clientlibs/onecloud/clientlibs/clientlib-mwf-ext/main-teams.min.ACSHASH286d7d50982c2f0de25e5e3875a16996.css]
[www.microsoft.com/pt-pt/microsoft-teams/online-meetings.html]
[www.microsoft.com/pt-pt/microsoft-teams/video-conferencing.html]
[www.microsoft.com/pt-pt/microsoft-teams/screen-sharing.html]
[www.microsoft.com/pt-pt/microsoft-teams/virtual-meeting-backgrounds.html]
[www.microsoft.com/pt-pt/microsoft-teams/webinars.html]
[www.microsoft.com/pt-pt/microsoft-teams/accessibility-closed-captions-transcriptions.html]
[www.microsoft.com/pt-pt/microsoft-teams/hot-desking.html]
[www.microsoft.com/pt-pt/microsoft-teams/virtual-events.html]
[www.microsoft.com/pt-pt/microsoft-teams/microsoft-teams-phone.html]
[www.microsoft.com/pt-pt/microsoft-teams/voip-voice-over-ip.html]
[www.microsoft.com/pt-pt/microsoft-teams/pbx-private-branch-exchange.html]
[www.microsoft.com/pt-pt/microsoft-teams/video-calling.html]
[www.microsoft.com/pt-pt/microsoft-teams/business-phone-systems.html]
[www.microsoft.com/pt-pt/microsoft-teams/contact-center.html]
[www.microsoft.com/pt-pt/microsoft-teams/instant-messaging.html]
[www.microsoft.com/pt-pt/microsoft-teams/file-sharing.html]
[www.microsoft.com/pt-pt/microsoft-teams/collaboration.html]
[www.microsoft.com/pt-pt/microsoft-teams/video-chat-apps.html]
[www.microsoft.com/pt-pt/microsoft-teams/across-devices.html]
[www.microsoft.com/pt-pt/microsoft-teams/microsoft-teams-rooms.html]
[www.microsoft.com/pt-pt/microsoft-teams/apps-and-workflows.html]
[www.microsoft.com/pt-pt/microsoft-teams/meetings-apps.html]
[www.microsoft.com/pt-pt/microsoft-teams/frontline-workforce.html]
[www.microsoft.com/pt-pt/microsoft-teams/workforce-management-wfm.html]
[www.microsoft.com/pt-pt/microsoft-teams/staff-scheduling-shift-management.html]
[www.microsoft.com/pt-pt/microsoft-teams/teams-for-work.html]
[www.microsoft.com/pt-pt/microsoft-teams/teams-for-home.html]
[www.microsoft.com/pt-pt/microsoft-teams/education.html]
[www.microsoft.com/pt-pt/microsoft-teams/healthcare-solutions.html]
[www.microsoft.com/pt-pt/microsoft-teams/retail-solutions.html]
[www.microsoft.com/pt-pt/microsoft-teams/manufacturing-solutions.html]
[www.microsoft.com/pt-pt/microsoft-teams/security.html]
[www.microsoft.com/pt-pt/education/remote-learning.html]
[www.microsoft.com/pt-pt/microsoft-teams/hybrid-work-from-home.html]
[www.microsoft.com/pt-pt/microsoft-365/business-insights-ideas/resources/managing-remote-teams-is-easy-with-these-collaboration-tools.html]
[www.microsoft.com/pt-pt/microsoft-365/business-insights-ideas/resources/6-ways-to-make-your-online-meeting-agendas-pop.html]
[www.microsoft.com/pt-pt/microsoft-365/business-insights-ideas/resources/how-to-work-from-home-and-look-good.html]
[www.microsoft.com/pt-pt/microsoft-365/business-insights-ideas/resources/5-ways-to-make-group-chats-the-best-place-at-work.html]
[www.microsoft.com/pt-pt/microsoft-365/business-insights-ideas/resources/5-ways-you-need-to-work-at-home-to-feel-like-you-never-left-the-office.html]
[www.microsoft.com/pt-pt/microsoft-365/business-insights-ideas/business-tech.html]
[www.microsoft.com/pt-pt/microsoft-teams/compare-microsoft-teams-options4d93.html]
[www.microsoft.com/pt-pt/microsoft-teams/download-app.html]
[www.microsoft.com/etc.clientlibs/microsoft/components/content/mosaic-tile/v1/mosaic-tile/clientlibs/site.min.ACSHASHd4959324223e8a0edda3bb0a222ea21f.js]
[www.microsoft.com/pt-pt/microsoft-teams/free.html]
[www.microsoft.com/en-us/legal/intellectualproperty/trademarks.html]
[www.microsoft.com/pt-pt/microsoft-teams/group-chat-software53a7.html]
[www.microsoft.com/etc.clientlibs/onecloud/clientlibs/clientlib-mwf-ext/main-teams.min.ACSHASHd34fce6586412fc1faf7731fe5adba54.js]
[www.microsoft.com/pt-pt/windows.html]
[www.microsoft.com/en-us/windows/remote-resource-center/articles/scripts/Jquery865a.js]
[www.microsoft.com/videoplayer/js/oneplayeriframe.js]
[www.microsoft.com/en-us/windows/remote-resource-center/articles/Content/Globalstylesb368.css]
[mwf-service.akamaized.net/mwf/css/bundle/1.56.0/west-european/default/mwf-main.min.css]
[www.microsoft.com/onerfstatics/marketingsites-neu-prod/west-european/shell/_scrf/css/themes=default.device=uplevel_web_pc/79-4cdd0a/33-ae3d41/a5-4bf7a2/13-8e1ceb/81-32f0c0/5c-b7b685/b8-7/ef-a24652.f12f21.delaye]
[assets.adobedtm.com/launch-ENbb9d0de7cc374dc99259df2c4b823cef.min.js]
[www.microsoft.com/pt-pt/windows/windows-11.html]
[www.microsoft.com/pt-pt/windows/get-windows-11.html]
[www.microsoft.com/pt-pt/windows/comprehensive-security.html]
[www.microsoft.com/pt-pt/windows/windows-11-specifications.html]
[www.microsoft.com/pt-pt/d/windows-11-home/dg7gmgf0krt053a7.html]
[www.microsoft.com/pt-pt/d/windows-11-pro/dg7gmgf0d8h453a7.html]
[www.microsoft.com/pt-pt/windows/compare-windows-10-home-vs-pro.html]
[www.microsoft.com/pt-pt/windows/windows-10-specifications.html]
[www.microsoft.com/pt-pt/d/windows-10-home/d76qx4bznwk453a7.html]
[www.microsoft.com/pt-pt/d/windows-10-pro/df77x4d43rkt53a7.html]
[www.microsoft.com/pt-pt/windows/compare-windows-11-home-vs-pro-versions.html]
[www.microsoft.com/pt-pt/windows/end-of-support.html]
[www.microsoft.com/pt-pt/windows/computers.html]
[www.microsoft.com/pt-pt/windows/help-me-choose.html]
[www.microsoft.com/pt-pt/windows/features.html]
[www.microsoft.com/pt-pt/windows/windows-11-apps.html]
[www.microsoft.com/pt-pt/windows/windows-11-pc-gaming.html]
[www.microsoft.com/pt-pt/windows/accessibility-features.html]
[www.microsoft.com/pt-pt/windows/sync-across-your-devices.html]
[www.microsoft.com/pt-pt/microsoft-365/windows.html]
[www.microsoft.com/pt-pt/windows/devices]
[www.microsoft.com/pt-pt/windows/worldwide.html]
[mwf-service.akamaized.net/mwf/js/bundle/1.56.0/mwf-auto-init-main.var.min.js]
[www.microsoft.com/pt-pt/windows/index.html]
[www.microsoft.com/en-us/windows/remote-resource-center/articles/scripts/Globalscripts9e9a.js]
[assets.onestore.ms/cdnfiles/external/mwf/long/v1/v1.23.1/css/mwf-west-european-default.min.css]
[ajax.aspnetcdn.com/ajax/jQuery/jquery-1.11.2.min.js]
[assets.adobedtm.com/launch-EN7506e353034849faa4a18bc4c20e727c.min.js]
[www.microsoft.com/onerfstatics/marketingsites-eus-prod/west-european/shell/_scrf/css/themes=default.device=uplevel_web_pc/79-4cdd0a/33-ae3d41/a5-4bf7a2/13-8e1ceb/81-32f0c0/5c-b7b685/b8-7/ef-a24652.120f237.delay]
[statics-marketingsites-eus-ms-com.akamaized.net/statics/override.css]
[www.microsoft.com/onerfstatics/marketingsites-eus-prod/shell/_scrf/js/themes=default/8e-e88b64/82-2a4f02/49-a00ab0/92-02e55d/7c-dcea75/75-fca72d/ed-e77ee7/d5-bf34c0/a9-078595/7a-7ea8cc/2/37-8473b9.122aff3.delay]
[www.microsoft.com/en-us/d/surface-pro-9/93vkd8np4fvk.html]
[www.microsoft.com/en-us/d/surface-pro-7-plus-and-type-cover-bundle/8ntr2b19vr2j.html]
[www.microsoft.com/en-us/d/surface-go-3/904h27d0cbwn.html]
[www.microsoft.com/en-us/surface/devices/surface-pro-models.html]
[www.microsoft.com/en-us/d/surface-laptop-5/8xn49v61s1bn.html]
[www.microsoft.com/en-us/d/surface-laptop-studio/8srdf62swkpf.html]
[www.microsoft.com/en-us/d/surface-laptop-go-2/8pglpv76mjhn.html]
[www.microsoft.com/en-us/surface/devices/surface-laptop-models.html]
[www.microsoft.com/en-us/d/surface-duo-2/9408kgxp4xjl.html]
[www.microsoft.com/en-us/d/surface-studio-2-plus/8vlfqc3597k4.html]
[www.microsoft.com/en-us/surface/devices/compare-devices.html]
[www.microsoft.com/en-us/surface/devices/help-me-choose.html]
[www.microsoft.com/en-us/surface/why-surface.html]
[www.microsoft.com/en-us/surface/business/surface-pro-9.html]
[www.microsoft.com/en-us/surface/business/surface-pro-8.html]
[www.microsoft.com/en-us/surface/business/surface-go-3.html]
[www.microsoft.com/en-us/surface/business/surface-pro-7-plus.html]
[www.microsoft.com/en-us/surface/business/surface-laptop-5.html]
[www.microsoft.com/en-us/surface/business/surface-laptop-studio.html]
[www.microsoft.com/en-us/surface/business/surface-laptop-go-2.html]
[www.microsoft.com/en-us/surface/business/surface-laptop-se.html]
[www.microsoft.com/en-us/surface/business/surface-duo-2.html]
[www.microsoft.com/en-us/surface/business/surface-studio-2-plus.html]
[www.microsoft.com/en-us/surface/business/surface-hub-2.html]
[www.microsoft.com/en-us/surface/business/accessories.html]
[www.microsoft.com/en-us/surface/business/surface-headphones-2-plus.html]
[www.microsoft.com/en-us/surface/business/teams-accessories.html]
[www.microsoft.com/en-us/surface/business/compare-devices.html]
[www.microsoft.com/en-us/surface/business.html]
[www.microsoft.com/en-us/store/collections/surfaceproaccessories.html]
[www.microsoft.com/en-us/store/collections/surfacepro7plusaccessories.html]
[www.microsoft.com/en-us/store/collections/surfacelaptopaccessories733b.html]
[www.microsoft.com/en-us/store/collections/surfacegoaccessories733b.html]
[www.microsoft.com/en-us/store/collections/surfacestudioaccessories733b.html]
[www.microsoft.com/en-us/d/surface-headphones-2/8wq0bsx7g523.html]
[www.microsoft.com/en-us/d/surface-earbuds/8r9cpq146064.html]
[www.microsoft.com/en-us/store/b/surface-accessories.html]
[www.microsoft.com/en-us/store/collections/microsoftsurfacedeals733b.html]
[www.microsoft.com/en-us/store/collections/surfacebundles733b.html]
[www.microsoft.com/en-us/store/collections/surfacelist733b.html]
[www.microsoft.com/en-us/surface/buy.html]
[www.microsoft.com/en-us/store/b/online-computer-shopping-appointmentsef90.html]
[www.microsoft.com/en-us/windows/index.html]
[www.microsoft.com/en-us/store/b/sale8b2c.html]
[www.microsoft.com/en-us/store/b/business.html]
[www.microsoft.com/EN-US/microsoft-teams/group-chat-software.html]
[www.microsoft.com/en-us/store/b/pcd094.html]
[www.microsoft.com/en-us/store/b/xbox30cb.html]
[www.microsoft.com/en-us/store/b/accessories3d24.html]
[www.microsoft.com/en-us/store/b/virtualrealityab8d.html]
[www.microsoft.com/en-us/store/b/mobilea03c.html]
[www.microsoft.com/en-us/store/b/xboxgames7482.html]
[www.microsoft.com/en-us/store/games/windows817a.html]
[www.microsoft.com/en-us/store/games/windows9037.html]
[www.microsoft.com/en-us/store/movies-and-tve7c7.html]
[www.microsoft.com/en-us/microsoft-cloud.html]
[www.microsoft.com/en-us/security.html]
[www.microsoft.com/en-us/microsoft-365/business.html]
[www.microsoft.com/en-us/windows-365.html]
[www.microsoft.com/en-us/industry.html]
[www.microsoft.com/en-us/store/b/business500e.html]
[www.microsoft.com/pt-pt/rewards53a7.html]
[www.microsoft.com/en-us/download/default.html]
[www.microsoft.com/en-us/educationa2a7.html]
[www.microsoft.com/en-us/store/workshops-training-and-eventsa7c2.html]
[www.microsoft.com/en-us/store/b/gift-cards.html]
[www.microsoft.com/en-us/store/b/holiday-gift-guidef6f8.html]
[www.microsoft.com/en-us/store/locations/ny/new-york/fifth-avenue-/store-1087c6a0.html]
[www.microsoft.com/en-us/sitemap.html]
[www.microsoft.com/en-us/store/buy.html]
[www.microsoft.com/en-us/store/b/surface-deals.html]
[c.s-microsoft.com/en-us/CMSImages/HP_Holiday_Hero_1_1920x10803c4f.jpg]
[c.s-microsoft.com/en-us/CMSImages/Surface_F22_Home_LinkNav_Compare0724.jpg]
[c.s-microsoft.com/en-us/CMSImages/Surface_F22_Home_LinkNav_HelpMeChoosef0fc.jpg]
[c.s-microsoft.com/en-us/CMSImages/Surface_F22_Home_LinkNav_Dealse986.jpg]
[c.s-microsoft.com/en-us/CMSImages/Surface_F22_Home_LinkNav_WhySurface07ea.png]
[c.s-microsoft.com/en-us/CMSImages/Surface_F22_Home_LinkNav_Educationff62.jpg]
[www.microsoft.com/en-us/surface/business/education.html]
[c.s-microsoft.com/en-us/CMSImages/Surface_F22_Home_LinkNav_Business3ecb.jpg]
[c.s-microsoft.com/en-us/CMSImages/Surface_Home_DeviceShowcase_2in1_Fall22_V1.png593f.jpg]
[c.s-microsoft.com/en-us/CMSImages/Surface_Home_DeviceShowcase_F22JB_Color_V1.pngb4c2.jpg]
[www.microsoft.com/en-us/d/surface-pro-8/8qwcrtq8v8xg.html]
[c.s-microsoft.com/en-us/CMSImages/Surface_F22_Home_DeviceShowcase_Pro8_V1576b.jpg]
[c.s-microsoft.com/en-us/CMSImages/Surface_F22_Home_DeviceShowcase_Pro7Plus_V159b7.jpg]
[c.s-microsoft.com/en-us/CMSImages/Surface_F22_Home_DeviceShowcase_Go3_V1aa33.jpg]
[c.s-microsoft.com/en-us/CMSImages/Surface_Home_DeviceShowcase_Laptops_Fall22_V15f7d.jpg]
[c.s-microsoft.com/en-us/CMSImages/Surface_Home_DeviceShowcase_F22GP13.5_Color_V1a0f9.jpg]
[c.s-microsoft.com/en-us/CMSImages/Surface_Home_DeviceShowcase_F22GP15_Platinum_V1.png3c9d.jpg]
[c.s-microsoft.com/en-us/CMSImages/Surface_F22_Home_DeviceShowcase_LaptopStudio_V1643e.jpg]
[c.s-microsoft.com/en-us/CMSImages/Surface_F22_Home_DeviceShowcase_DCN_V1196e.jpg]
[c.s-microsoft.com/en-us/CMSImages/Surface_F22_Home_DeviceShowcase_Duo2_V16cb3.jpg]
[c.s-microsoft.com/en-us/CMSImages/Surface_Home_DeviceShowcase_F22PM_V1.png71a2.jpg]
[c.s-microsoft.com/en-us/CMSImages/Surface_Home_10Year_V1.png0728.jpg]
[c.s-microsoft.com/en-us/CMSImages/Surface_Home_Accessibilty_Small_Left_F22_1920_V13428.jpg]
[www.microsoft.com/en-us/store/b/accessible-adaptive-devices-accessories.html]
[www.microsoft.com/en-us/accessibility/features92db.html]
[c.s-microsoft.com/en-us/CMSImages/Surface_Home_Accessibilty_Big_Right_F22_1920_V1.pnga85b.jpg]
[www.microsoft.com/en-us/store/b/microsoft-complete.html]
[c.s-microsoft.com/en-us/CMSImages/Panel_Footer_Icons_Protect842f.jpg]
[c.s-microsoft.com/en-us/CMSImages/Panel_Footer_Icons_Businessb568.jpg]
[c.s-microsoft.com/en-us/CMSImages/Panel_Footer_Icons_Accessoriesdcfe.jpg]
[c.s-microsoft.com/en-us/CMSImages/Panel_Footer_Icons_Support7aa7.jpg]
[c.s-microsoft.com/en-us/CMSImages/Panel_Footer_Icons_Registerb537.jpg]
[c.s-microsoft.com/en-us/CMSImages/Panel_Footer_Icons_Newslettera28d.jpg]
[c.s-microsoft.com/en-us/CMSImages/Panel_Footer_Icons_PowerCordf36e.jpg]
[www.microsoft.com/en-us/surface/newsletter-subscription.html]
[www.microsoft.com/en-us/d/surface-pro-9/93VKD8NP4FVK-2.html]
[www.microsoft.com/en-us/d/surface-laptop-5/8XN49V61S1BN-2.html]
[www.microsoft.com/en-us/d/surface-studio-2plus/8VLFQC3597K4.html]
[www.microsoft.com/en-us/d/surface-laptop-go-2/8PGLPV76MJHN-2.html]
[www.microsoft.com/en-us/d/surface-laptop-studio/8SRDF62SWKPF-2.html]
[www.microsoft.com/en-us/d/surface-duo-2/9408KGXP4XJL-2.html]
[www.microsoft.com/en-us/download.html]
[www.microsoft.com/en-us/store/b/why-microsoft-store1c9e.html]
[www.microsoft.com/en-us/store/b/payment-financing-options0c09.html]
[www.microsoft.com/en-us/store/b/business-consultationddf7.html]
[www.microsoft.com/en-us/store/b/education.html]
[www.microsoft.com/en-us/microsoft-teams/group-chat-software-2.html]
[www.microsoft.com/en-us/about.html]
[www.microsoft.com/en-us/microsoft-365/business/index.html]
[www.microsoft.com/en-us/accessibility.html]
[www.microsoft.com/en-us/diversity/index.html]
[www.microsoft.com/en-us/sustainability/index.html]
[www.microsoft.com/en-us/surface/worldwide.html]
[www.microsoft.com/en-us/surface/devices/surface-studio-2/tech-specs.html]
[www.microsoft.com/en-us/surface.html]
[assets.onestore.ms/cdnfiles/external/mwf/long/v1/v1.23.1/scripts/mwf-auto-init-main.var.min.js]
[www.microsoft.com/pt-pt/store/b/sale.html]
[www.microsoft.com/etc.clientlibs/microsoft/components/content/chat/v1/chat/clientlibs/site-cookies-implemented.min.ACSHASH0d44ca256ef50b0519fe459d400eb2b7.css]
[www.microsoft.com/etc.clientlibs/microsoft/components/content/chat/v1/chat/clientlibs/site-cookies-implemented.min.ACSHASH19331ae5d26be422cb10315abcad022b.js]
[www.microsoft.com/onerfstatics/marketingsites-neu-prod/west-european/shell/_scrf/css/themes=default.device=uplevel_web_mobile_webkit/79-4cdd0a/33-ae3d41/a5-4bf7a2/13-8e1ceb/81-32f0c0/5c-/ef-a24652.1a72f21.delay]
[www.microsoft.com/etc.clientlibs/microsoft/components/content/alert/v1/alert/clientlibs/site-countdown.min.ACSHASH94aa1eb906a7edbbac5f31e5866db0fd.js]
[www.microsoft.com/pt-pt/store/collections/microsoftsurfacedealsdcb8.html]
[www.microsoft.com/pt-pt/store/b/xboxee6e.html]
[www.microsoft.com/pt-pt/store/b/accessories8b0c.html]
[www.microsoft.com/pt-pt/store/collections/surfacebundlesf3c5.html]
[www.microsoft.com/pt-pt/store/b/studentda69.html]
[www.microsoft.com/pt-pt/store/b/business1280.html]
[www.microsoft.com/pt-pt/d/Surface-Pro-9/93vkd8np4fvk64fd.html]
[www.microsoft.com/pt-pt/d/surface-laptop-5/8xn49v61s1bn3b7c.html]
[www.microsoft.com/pt-pt/d/Surface-Studio-2-plus/8vlfqc3597k42003.html]
[www.microsoft.com/pt-pt/microsoft-365/p/microsoft-365-personal/cfq7ttc0k5bf32f4.html]
[www.microsoft.com/pt-pt/microsoft-365/p/microsoft-365-familia/cfq7ttc0k5dma96f.html]
[www.microsoft.com/pt-pt/d/surface-laptop-4/946627fb12t17240.html]
[www.microsoft.com/pt-pt/d/surface-pro-x/8xtmb6c575mddc81.html]
[www.microsoft.com/pt-pt/d/surface-pro-8/8qwcrtq8v8xg3bc5.html]
[www.microsoft.com/pt-pt/d/xbox-series-x-certified-refurbished/91376czc01vvd197.html]
[www.microsoft.com/pt-pt/store/collections/microsoftsurfacedeals.html]
[www.microsoft.com/onerfstatics/marketingsites-wcus-prod/_h/9be151e5/coreui.statics/images/1x1clear.gif]
[www.microsoft.com/pt-pt/d/surface-pro-9/93vkd8np4fvk-2.html]
[www.microsoft.com/pt-pt/d/surface-laptop-5/8xn49v61s1bn-2.html]
[www.microsoft.com/pt-pt/d/surface-studio-2/8vlfqc3597k4.html]
[www.microsoft.com/pt-pt/d/surface-laptop-go-2/8pglpv76mjhn-2.html]
[www.microsoft.com/pt-pt/d/surface-pro-8/8qwcrtq8v8xg.html]
[www.microsoft.com/pt-pt/d/surface-laptop-4/946627fb12t1.html]
[www.microsoft.com/pt-pt/d/surface-pro-7/92wrlrcvz4pr.html]
[www.microsoft.com/pt-pt/d/surface-go-3/904h27d0cbwn.html]
[www.microsoft.com/pt-pt/d/surface-pro-x/8xtmb6c575md.html]
[www.microsoft.com/etc.clientlibs/microsoft/components/content/productcards/v1/productcards/clientlibs/clientlib.min.ACSHASHd85b2d4ba7db3bc64fb25aa7a062adfa.js]
[www.microsoft.com/pt-pt/d/surface-laptop-studio/8srdf62swkpf-2.html]
[www.microsoft.com/pt-pt/store/collections/xboxaccessories.html]
[www.microsoft.com/pt-pt/d/comando-sem-fios-xbox-lunar-shift-special-edition/8rc9j8d7rppv.html]
[www.microsoft.com/pt-pt/d/comando-sem-fios-xbox-mineral-camo-special-edition/93jtnp21rvxn.html]
[www.microsoft.com/pt-pt/d/comando-sem-fios-xbox-elite-series-2-core-branco/8v7m3k0bsh52.html]
[www.microsoft.com/pt-pt/d/pack-de-componentes-completo/93t8nmcclss7.html]
[www.microsoft.com/pt-pt/d/auscultadores-sem-fios-xbox/8z1dcql8z512.html]
[www.microsoft.com/pt-pt/d/auricular-estereo-da-xbox-edicao-especial-20º-aniversario/8p0wsddc3wqg.html]
[www.microsoft.com/pt-pt/d/auscultadores-estereo-xbox/8qqqt5gcmj7b.html]
[www.microsoft.com/pt-pt/d/comando-sem-fios-xbox-elite-series-2/8rsn7j6375gg.html]
[www.microsoft.com/pt-pt/d/comando-sem-fios-xbox/8xn59crbsqgz.html]
[www.microsoft.com/pt-pt/d/xbox-adaptive-controller/8nsdbhz1n3d8.html]
[www.microsoft.com/pt-pt/store/best-rated/games/xbox.html]
[www.microsoft.com/pt-pt/d/xbox-series-s/942j774tp9jn68dd.html]
[www.microsoft.com/etc.clientlibs/microsoft/components/content/accordion/v1/accordion/clientlibs/site.min.ACSHASH10d048ebc0363c157bb3d17d75a2f1a2.css]
[www.microsoft.com/pt-pt/store/b/gift-cardse934.html]
[www.microsoft.com/en-us/rewards32c6.html]
[www.microsoft.com/pt-pt/store/b/special-discount-terms7440.html]
[www.microsoft.com/etc.clientlibs/microsoft/components/content/accordion/v1/accordion/clientlibs/site.min.ACSHASHb1faf480cc289c92fd58c06d41daa11a.js]
[www.microsoft.com/etc.clientlibs/microsoft/components/content/areaheading/v1/areaheading/clientlibs/site.min.ACSHASH18f1d09a2c90249472b1313e01f080f3.js]
[www.microsoft.com/pt-pt/store/b/extended-returns.html]
[www.microsoft.com/pt-pt/store/b/surface-promise.html]
[www.microsoft.com/pt-pt/surface1d4f.html]
[www.microsoft.com/pt-pt/store/b/xboxe2d8.html]
[www.microsoft.com/pt-pt/store/b/accessoriesc368.html]
[www.microsoft.com/pt-pt/store/collections/microsoftsurfacedeals1d4f.html]
[www.microsoft.com/pt-pt/store/collections/surfacebundlesd41d.html]
[www.microsoft.com/pt-pt/microsoft-365/buy/compare-all-microsoft-365-productsb1d7.html]
[www.microsoft.com/pt-pt/store/b/gift-cardsae2c.html]
[www.microsoft.com/etc.clientlibs/microsoft/components/content/footnotes/v1/footnotes/clientlibs/site.min.ACSHASH86729655d92c376a7dd612b4d9b5f92d.css]
[www.microsoft.com/etc.clientlibs/microsoft/components/content/footnotes/v1/footnotes/clientlibs/site.min.ACSHASH770228d36d69a9e160e2e3cded05b1e5.js]
[www.microsoft.com/pt-pt/store/locale.html]
[www.microsoft.com/pt-pt/store/b/imprint.html]
[www.microsoft.com/pt-pt/store/b/salec8fe.html]
[www.microsoft.com/pt-pt/storedocs/terms-of-sale.html]
[www.microsoft.com/pt-pt/store/collections/surfaceforbusinessb69e.html]
[www.microsoft.com/pt-pt/store/collections/businessdevices4696.html]
[www.microsoft.com/pt-pt/store/b/softwareea04.html]
[www.microsoft.com/pt-pt/store/collections/developersolutions32d1.html]
[www.microsoft.com/pt-pt/store/b/surface-promise-for-businesscd30.html]
[www.microsoft.com/pt-pt/d/Surface-Pro-9-for-Business/8xjc219dg79zff15.html]
[www.microsoft.com/PT-PT/store/collections/surfaceforbusinessad7d.html]
[www.microsoft.com/PT-PT/microsoft-365/business/compare-all-microsoft-365-business-products079b.html]
[www.microsoft.com/de-de/store/b/softwareadb9.html]
[www.microsoft.com/pt-pt/d/hololens-2/91pnzzznzwcpce57.html]
[www.microsoft.com/pt-pt/store/collections/commercialaccessories3b45.html]
[www.microsoft.com/PT-PT/store/collections/surfaceforbusiness1407.html]
[www.microsoft.com/PT-PT/store/b/softwarec7d9.html]
[www.microsoft.com/PT-PT/store/b/surface-promise-for-businessf58d.html]
[www.microsoft.com/PT-PT/microsoft-365/business/compare-all-microsoft-365-business-products7924.html]
[www.microsoft.com/PT-PT/microsoft-teams/free8ef9.html]
[www.microsoft.com/PT-PT/windows-365/businessc2d4.html]
[www.microsoft.com/PT-PT/microsoft-365/business-insights-ideas33f5.html]
[www.microsoft.com/PT-PT/surface/business/hybrid-work-technology1601.html]
[www.microsoft.com/PT-PT/store/b/windows-autopilot7421.html]
[www.microsoft.com/PT-PT/store/collections/surfaceforbusiness212b.html]
[www.microsoft.com/PT-PT/store/b/softwaref351.html]
[www.microsoft.com/pt-pt/microsoft-365/onedrive/onedrive-for-businessd053.html]
[www.microsoft.com/pt-pt/store/b/business.html]
[www.microsoft.com/en-gb/microsoft-365/business3fa9.html]
[www.microsoft.com/pt-pt/store/b/xbox.html]
[www.microsoft.com/pt-pt/store/collections/xboxconsoles2d09.html]
[www.microsoft.com/pt-pt/store/collections/xboxaccessoriesfc9e.html]
[www.microsoft.com/pt-pt/store/best-rated/games/xbox1ede.html]
[www.microsoft.com/pt-pt/store/collections/pcgamingaccessories/pc4b43.html]
[www.microsoft.com/pt-pt/d/xbox-elite-wireless-controller-series-2/8rsn7j6375gg2c53.html]
[www.microsoft.com/pt-pt/store/collections/xboxcontrollersa43b.html]
[www.microsoft.com/pt-pt/store/collections/xboxconsoles3295.html]
[www.microsoft.com/pt-pt/store/collections/giftideas8f1c.html]
[www.microsoft.com/pt-pt/store/collections/giftideasde9a.html]
[www.microsoft.com/pt-pt/d/xbox-series-s/942j774tp9jnfd8a.html]
[www.microsoft.com/pt-pt/d/Xbox-Wireless-Controller-Lunar-Shift-Special-Edition/8RC9J8D7RPPV/DZ4Ke6ec.html]
[www.microsoft.com/pt-pt/d/xbox-series-x/8wj714n3rbtl420a.html]
[www.microsoft.com/pt-pt/d/mando-inalambrico-xbox-elite-series-2-core-blanco/8v7m3k0bsh52f3f1.html]
[www.microsoft.com/pt-pt/store/collections/xboxcontrollers.html]
[www.microsoft.com/pt-pt/d/comando-sem-fios-xbox-adaptador-sem-fios-para-windows/8rdmhcqpftb3.html]
[www.microsoft.com/pt-pt/d/powera-enhanced-wired-controller-para-xbox-series-x-s/8s5k0jkbqnpr.html]
[www.microsoft.com/pt-pt/store/collections/xboxheadsetse8d3.html]
[www.microsoft.com/pt-pt/store/collections/xboxcontrollers98f6.html]
[www.microsoft.com/pt-pt/store/b/xbox30cb.html]
[www.microsoft.com/pt-pt/store/top-paid/games/xbox14f2.html]
[www.microsoft.com/pt-pt/store/b/accessories.html]
[www.microsoft.com/pt-pt/store/collections/keyboardsmiceandstyluses297d.html]
[www.microsoft.com/pt-pt/store/collections/audioandentertainment0a2d.html]
[www.microsoft.com/pt-pt/store/collections/cablesconnectorsadapters.html]
[www.microsoft.com/pt-pt/store/b/surface-accessoriesc07e.html]
[www.microsoft.com/pt-pt/store/collections/xboxaccessories2387.html]
[www.microsoft.com/pt-pt/store/collections/keyboardsmiceandstylusesa4f0.html]
[www.microsoft.com/pt-pt/store/collections/audioandentertainmentcf82.html]
[www.microsoft.com/pt-pt/store/collections/cablesconnectorsadapters729e.html]
[www.microsoft.com/pt-pt/store/collections/bagsandsleeves9b93.html]
[www.microsoft.com/pt-pt/d/Surface-Pro-Signature-Keyboard/8QQ3K7GN2TZ50718.html]
[www.microsoft.com/pt-pt/d/mando-inalambrico-xbox-elite-series-2-core-blanco/8v7m3k0bsh52dadf.html]
[www.microsoft.com/pt-pt/d/auriculares-surface-headphones-2/8wq0bsx7g523e9dd.html]
[www.microsoft.com/pt-pt/d/auriculares-surface-earbuds/8r9cpq146064bd92.html]
[www.microsoft.com/pt-pt/d/microsoft-usb-c-travel-hub/8nlwz0mqk26d3854.html]
[www.microsoft.com/pt-pt/d/mando-inalambrico-xbox-mineral-camo-special-edition/93jtnp21rvxn9772.html]
[www.microsoft.com/pt-pt/d/raton-surface-arc-mouse/93hfjlp7d0cv5106.html]
[www.microsoft.com/pt-pt/d/microsoft-arc-mouse-negro/8mwhbv8qvskr92d4.html]
[www.microsoft.com/pt-pt/store/collections/microsoft-teams-certified-devices7f34.html]
[www.microsoft.com/pt-pt/store/collections/keyboardsmiceandstyluses.html]
[www.microsoft.com/pt-pt/store/collections/audioandentertainment.html]
[www.microsoft.com/pt-pt/d/teclado-signature-para-surface-pro/8qq3k7gn2tz5.html]
[www.microsoft.com/pt-pt/d/teclado-signature-para-surface-pro-com-slim-pen-2/8xx8r5ws9db3.html]
[www.microsoft.com/pt-pt/d/caneta-surface-slim-pen-2/8tb9xw8rwc14.html]
[www.microsoft.com/pt-pt/d/carregador-para-caneta-surface-slim-pen/8zc6jrr8jmr8.html]
[www.microsoft.com/pt-pt/d/pontas-para-surface-slim-pen-2/93z8rnz3r3fn.html]
[www.microsoft.com/pt-pt/d/microsoft-sculpt-ergonomic-desktop/8xk02kz6k69w.html]
[www.microsoft.com/pt-pt/d/teclado-e-rato-microsoft-bluetooth-desktop/91d3f2v2k20r.html]
[www.microsoft.com/pt-pt/d/teclado-microsoft-designer-compact-keyboard/8zhrtr7zcswq.html]
[www.microsoft.com/pt-pt/d/microsoft-arc-mouse-preto/8mwhbv8qvskr.html]
[www.microsoft.com/pt-pt/d/rato-microsoft-ocean-plastic-mouse/8xh06gbzm3nd.html]
[www.microsoft.com/pt-pt/d/adaptador-microsoft-4k-wireless-display/8zhwmx8c1wn2.html]
[www.microsoft.com/pt-pt/d/surface-dock-2/8qd908364sg2.html]
[www.microsoft.com/pt-pt/d/fonte-de-alimentacao-microsoft-surface-de-127-w/8m9zfxkg88d8.html]
[www.microsoft.com/pt-pt/d/microsoft-usb-c-travel-hub/8nlwz0mqk26d.html]
[www.microsoft.com/pt-pt/d/microsoft-wireless-display-adapter/8vwdj9bd9xlz.html]
[www.microsoft.com/pt-pt/d/cabo-usb-a-para-usb-c-31-da-belkin/8tx4hb7bvlbm.html]
[www.microsoft.com/pt-pt/d/camara-microsoft-modern-webcam/8v9brt858dg8.html]
[www.microsoft.com/pt-pt/d/lifecam-hd-3000/8q49lgbw0r58.html]
[www.microsoft.com/pt-pt/d/surface-headphones-2/8wq0bsx7g523.html]
[www.microsoft.com/pt-pt/d/surface-earbuds/8r9cpq146064.html]
[www.microsoft.com/pt-pt/d/altifalante-microsoft-modern-usb-c/8x0j3n3xdlp5.html]
[www.microsoft.com/pt-pt/d/auscultadores-sem-fios-microsoft-modern/8wn49139qkjf.html]
[www.microsoft.com/pt-pt/d/auscultadores-microsoft-modern-usb-c/8z19kmzqsz2g.html]
[www.microsoft.com/pt-pt/d/auscultadores-para-jogos-com-fios-turtle-beach-recon-500-para-xbox/8rx4v78ht8q8.html]
[www.microsoft.com/pt-pt/d/turtle-beach-recon-70-headset-para-xbox-one-e-xbox-series-x-s/8mv3xwv6twbm.html]
[www.microsoft.com/pt-pt/store/collections/pcgamingaccessoriesbefe.html]
[www.microsoft.com/pt-pt/store/collections/keyboardsmiceandstylusesa59f.html]
[www.microsoft.com/pt-pt/store/collections/cablesconnectorsadaptersa59f.html]
[www.microsoft.com/pt-pt/store/b/surface-accessoriesa59f.html]
[www.microsoft.com/pt-pt/store/collections/surfacekeyboarda59f.html]
[www.microsoft.com/pt-pt/store/collections/xboxheadsetsd018.html]
[www.microsoft.com/pt-pt/d/auscultadores-estereo-xbox/8qqqt5gcmj7bdb14.html]
[www.microsoft.com/pt-pt/store/collections/xboxcontrollersc7e5.html]
[www.microsoft.com/pt-pt/store/b/accessories3d24.html]
[www.microsoft.com/pt-pt/d/xbox-elite-wireless-controller-series-2/8rsn7j6375gg957c.html]
[www.microsoft.com/mwf/_h/v3.54/mwf.app/fonts/mwfmdl2-v3.54.woff2]
[www.microsoft.com/mwf/css/MWF_20200416_22921869/west-european/store-web-default/actiontoggle/alert/autosuggest/channelplacement/channelplacementitem/dialog/drawer/flyout/glyph/heading/im/skiptomain.26a10e6.dela]
[www.microsoft.com/onerfstatics/sfwneuprod/_h/dfa0b592/coreui.statics/externalscripts/jquery/jquery-3.5.1.min.js]
[www.microsoft.com/onerfstatics/sfwneuprod/store/_scrf/js/themes=store-web-default/c7-95a99a/f7-dcfb0d2f21]
[www.microsoft.com/onerfstatics/sfwneuprod/west-european/store/_scrf/css/themes=store-web-default.device=uplevel_web_pc/63-b2976d/c1-1e1f7c/2c-67b9ba/52-3c1f85/e8-62a2c7/7e-8931e0/74-9802/96-fb0477.26b2f21.delay]
[www.microsoft.com/mwf/js/MWF_20200416_22921869/actiontoggle/alert/autosuggest/channelplacement/channelplacementitem/dialog/drawer/flyout/glyph/heading/image/list/navigationmenu/pagebar/p/skiptomain.26f0202.dela]
[www.microsoft.com/onerfstatics/sfwneuprod/store/_scrf/js/themes=store-web-default/a1-d914a0/44-f01b50/62-2ca886/79-851f4c/50-a0b94e/9e-e1feb8/ba-41cd75/7f-b43330/e6-6b0cce/38-612ec2/ed-0/34-4b5d05.26d2f21.delay]
[www.microsoft.com/pt-pt/store/top-paid/games/GET]
[www.microsoft.com/pt-pt/surfacead26.html]
[www.microsoft.com/pt-pt/microsoft-365/buy/compare-all-microsoft-365-products53a7.html]
[www.microsoft.com/pt-pt/microsoft-365/office-36553a7.html]
[www.microsoft.com/pt-pt/store/b/software92da.html]
[www.microsoft.com/pt-pt/store/apps/windows-phone77bb.html]
[www.microsoft.com/pt-pt/store/b/softwaresupport.html]
[www.microsoft.com/pt-pt/store/collections/xboxgamesdcad.html]
[www.microsoft.com/pt-pt/store/top-paid/games/xboxc946.html]
[www.microsoft.com/pt-pt/store/games/windows-phone4981.html]
[www.microsoft.com/pt-pt/store/b/business500e.html]
[www.microsoft.com/pt-pt/store/b/studente9b5.html]
[www.microsoft.com/pt-pt/p/cartao-de-oferta-da-xbox-codigo-digital/cfq7ttc0k64h/00032b5a.html]
[www.microsoft.com/pt-pt/store/coming-soon/games/xbox.html]
[www.microsoft.com/pt-pt/store/game-demos/games/xbox.html]
[www.microsoft.com/pt-pt/store/game-previews/games/xbox.html]
[www.microsoft.com/pt-pt/store/most-played/games/xbox.html]
[www.microsoft.com/pt-pt/store/new/games/xbox.html]
[www.microsoft.com/pt-pt/store/top-free/games/xbox.html]
[www.microsoft.com/pt-pt/store/deals/games/xbox.html]
[www.microsoft.com/pt-pt/store/top-paid/games/hololens.html]
[www.microsoft.com/pt-pt/store/top-paid/games/mobile.html]
[www.microsoft.com/pt-pt/store/top-paid/games/pc.html]
[www.microsoft.com/pt-pt/store/top-paid/games/xboxc2b6.html]
[www.microsoft.com/pt-pt/store/top-paid/games/xbox3350.html]
[www.microsoft.com/pt-pt/store/top-paid/games/xboxe5cf.html]
[www.microsoft.com/pt-pt/store/top-paid/games/xbox290a.html]
[www.microsoft.com/pt-pt/store/top-paid/games/xbox2b05.html]
[www.microsoft.com/pt-pt/store/top-paid/games/xbox17f6.html]
[www.microsoft.com/pt-pt/store/top-paid/games/xbox4a99.html]
[www.microsoft.com/pt-pt/store/top-paid/games/xbox7d42.html]
[www.microsoft.com/pt-pt/store/top-paid/games/xbox21ae.html]
[www.microsoft.com/pt-pt/store/top-paid/games/xbox3c0b.html]
[www.microsoft.com/pt-pt/store/top-paid/games/xbox8196.html]
[www.microsoft.com/pt-pt/store/top-paid/games/xboxd1f4.html]
[www.microsoft.com/pt-pt/store/top-paid/games/xboxb811.html]
[www.microsoft.com/pt-pt/store/top-paid/games/xbox6590.html]
[www.microsoft.com/pt-pt/store/top-paid/games/xbox8356.html]
[www.microsoft.com/pt-pt/store/top-paid/games/xbox22b3.html]
[www.microsoft.com/pt-pt/store/top-paid/games/xboxb999.html]
[www.microsoft.com/pt-pt/store/top-paid/games/xboxd070.html]
[www.microsoft.com/pt-pt/store/top-paid/games/xboxcd99.html]
[www.microsoft.com/pt-pt/store/top-paid/games/xboxadfd.html]
[www.microsoft.com/pt-pt/store/top-paid/games/xboxe7c6.html]
[www.microsoft.com/pt-pt/store/top-paid/games/xbox4e13.html]
[www.microsoft.com/pt-pt/store/top-paid/games/xbox470e.html]
[www.microsoft.com/pt-pt/store/top-paid/games/xboxf545.html]
[www.microsoft.com/pt-pt/store/top-paid/games/xboxd7b9.html]
[www.microsoft.com/pt-pt/store/top-paid/games/xboxf6db.html]
[www.microsoft.com/pt-pt/store/top-paid/games/xboxe396.html]
[www.microsoft.com/pt-pt/store/top-paid/games/xboxda05.html]
[www.microsoft.com/pt-pt/store/top-paid/games/xbox5328.html]
[www.microsoft.com/pt-pt/store/top-paid/games/xboxe678.html]
[www.microsoft.com/pt-pt/store/top-paid/games/xbox28d9.html]
[www.microsoft.com/pt-pt/store/top-paid/games/xboxbe16.html]
[www.microsoft.com/pt-pt/store/top-paid/games/xbox0417.html]
[www.microsoft.com/pt-pt/store/top-paid/games/xbox9642.html]
[www.microsoft.com/pt-pt/store/top-paid/games/xbox9264.html]
[www.microsoft.com/pt-pt/store/top-paid/games/xbox44ca.html]
[www.microsoft.com/pt-pt/store/top-paid/games/xboxb5fa.html]
[www.microsoft.com/pt-pt/store/top-paid/games/xboxa628.html]
[www.microsoft.com/pt-pt/store/top-paid/games/xbox501e.html]
[www.microsoft.com/pt-pt/store/top-paid/games/xboxf8f2.html]
[www.microsoft.com/pt-pt/store/top-paid/games/xbox478d.html]
[www.microsoft.com/pt-pt/store/top-paid/games/xbox56ab.html]
[www.microsoft.com/pt-pt/store/top-paid/games/xbox7127.html]
[www.microsoft.com/pt-pt/store/top-paid/games/xbox8483.html]
[www.microsoft.com/pt-pt/store/top-paid/games/xboxcd5e.html]
[www.microsoft.com/pt-pt/store/top-paid/games/xbox11cb.html]
[www.microsoft.com/pt-pt/store/top-paid/games/xbox691e.html]
[www.microsoft.com/onerfstatics/sfwneuprod/_h/9be151e5/coreui.statics/images/1x1clear.gif]
[www.microsoft.com/pt-pt/store/top-paid/games/xbox0574.html]
[www.microsoft.com/pt-pt/store/top-paid/games/xboxa0dd.html]
[www.microsoft.com/pt-pt/store/top-paid/games/xbox2abc.html]
[www.microsoft.com/pt-pt/store/top-paid/games/xbox050b.html]
[www.microsoft.com/pt-pt/store/top-paid/games/xboxb2de.html]
[www.microsoft.com/pt-pt/store/top-paid/games/xbox.html]
[www.microsoft.com/pt-pt/store/locale45f0.html]
[www.microsoft.com/pt-pt/store/games/windows.html]
[www.microsoft.com/mwf/css/MWF_20200416_22921869/west-european/store-web-default/alert/autosuggest/channelplacement/channelplacementitem/dialog/flyout/glyph/heading/image/list/multicolumn/skiptomain.32310e6.dela]
[www.microsoft.com/mwf/js/MWF_20200416_22921869/alert/autosuggest/channelplacement/channelplacementitem/dialog/flyout/glyph/heading/image/list/multicolumn/pagebehaviors/singleslidecarouse/skiptomain.3260202.dela]
[www.microsoft.com/onerfstatics/sfwneuprod/west-european/store/_scrf/css/themes=store-web-default.device=uplevel_web_pc/63-b2976d/c1-1e1f7c/5d-a7ba48/2c-67b9ba/f9-6fc580/e8-62a2c7/7e-8931/96-fb0477.3242f21.delay]
[www.microsoft.com/onerfstatics/sfwneuprod/store/_scrf/js/themes=store-web-default/44-f01b50/79-851f4c/50-a0b94e/9e-e1feb8/ba-41cd75/ae-304d54/7f-b43330/e6-6b0cce/38-612ec2/ed-0fe1b2/8f-f/34-4b5d05.3252f21.delay]
[www.microsoft.com/pt-pt/store/games/GET]
[www.microsoft.com/pt-pt/store/top-free/games/pc.html]
[www.microsoft.com/pt-pt/p/microsoft-mahjong/9wzdncrfhwcp3649.html]
[www.microsoft.com/pt-pt/p/dragon-city/9p8569j9gb3s3649.html]
[www.microsoft.com/pt-pt/p/real-pool-3d-2/9n86c101xcbc3649.html]
[www.microsoft.com/pt-pt/p/microsoft-minesweeper/9wzdncrfhwcn3649.html]
[www.microsoft.com/pt-pt/p/asphalt-8-airborne/9wzdncrfj26j3649.html]
[www.microsoft.com/pt-pt/p/microsoft-sudoku/9wzdncrfhv603649.html]
[www.microsoft.com/pt-pt/store/most-popular/games/pc8c2b.html]
[www.microsoft.com/pt-pt/store/most-popular/games/pc0191.html]
[www.microsoft.com/pt-pt/store/most-popular/games/pc3b55.html]
[www.microsoft.com/pt-pt/store/most-popular/games/pc052b.html]
[www.microsoft.com/pt-pt/store/most-popular/games/pcdf43.html]
[www.microsoft.com/pt-pt/store/most-popular/games/pce4d6.html]
[www.microsoft.com/pt-pt/store/most-popular/games/pc6de3.html]
[www.microsoft.com/pt-pt/store/most-popular/games/pc3212.html]
[www.microsoft.com/pt-pt/store/most-popular/games/pca15f.html]
[www.microsoft.com/pt-pt/store/most-popular/games/pc4c15.html]
[www.microsoft.com/pt-pt/store/most-popular/games/pc647f.html]
[www.microsoft.com/pt-pt/store/most-popular/games/pcea0c.html]
[www.microsoft.com/pt-pt/store/most-popular/games/pc2e17.html]
[www.microsoft.com/pt-pt/store/most-popular/games/pc6263.html]
[www.microsoft.com/pt-pt/store/most-popular/games/pce12f.html]
[www.microsoft.com/pt-pt/store/most-popular/games/pc5e88.html]
[www.microsoft.com/pt-pt/store/most-popular/games/pc962c.html]
[www.microsoft.com/pt-pt/store/most-popular/games/pce4a3.html]
[www.microsoft.com/pt-pt/store/most-popular/games/pc6002.html]
[www.microsoft.com/pt-pt/store/most-popular/games/pc5ffa.html]
[www.microsoft.com/pt-pt/store/most-popular/games/pc8e84.html]
[www.microsoft.com/pt-pt/store/most-popular/games/pcc9fa.html]
[www.microsoft.com/pt-pt/store/most-popular/games/pcd968.html]
[www.microsoft.com/pt-pt/store/most-popular/games/pc1eba.html]
[www.microsoft.com/pt-pt/store/games/windows817a.html]
[www.microsoft.com/pt-pt/store/locale5434.html]
[www.microsoft.com/pt-pt/store/best-rated/games/pc.html]
[www.microsoft.com/pt-pt/p/global-city/9p18g02krdnp3649.html]
[www.microsoft.com/pt-pt/p/dragon-mania-a-lenda/9wzdncrdh42t3649.html]
[www.microsoft.com/pt-pt/p/o-quebra-cabeca-magico/9wzdncrfj9xv3649.html]
[www.microsoft.com/pt-pt/p/gambino-slots-jogar-jogos-de-casino-online/9n0nh999d6xj3649.html]
[www.microsoft.com/pt-pt/p/angry-birds-2/9ntpjw96tsc03649.html]
[www.microsoft.com/pt-pt/p/modern-combat-versus/9pf4lxg1l4pd3649.html]
[www.microsoft.com/pt-pt/p/farm-heroes-saga/9nkmkxnqv2m83649.html]
[www.microsoft.com/pt-pt/p/angry-birds-friends/9nn6g50qnl1h3649.html]
[www.microsoft.com/pt-pt/p/murder-in-alps-hidden-mystery/9pmpwff4z7r33649.html]
[www.microsoft.com/pt-pt/p/manor-matters/9n9gq6lxsmhp3649.html]
[www.microsoft.com/pt-pt/p/tropical-paradise-town-city/9p55qbm3tjzb3649.html]
[www.microsoft.com/pt-pt/store/new-and-rising/games/pc.html]
[www.microsoft.com/pt-pt/p/subway-santa-princess-runner/9phbc8s4rb3c3649.html]
[www.microsoft.com/pt-pt/p/strike-zone-jogos-de-tiro-de-guerra/9ppfrzb5mjrq3649.html]
[www.microsoft.com/pt-pt/p/candy-crush-saga/9nblggh188463649.html]
[www.microsoft.com/pt-pt/p/war-alliance/9plv18g07tpb3649.html]
[www.microsoft.com/pt-pt/p/crazy-m1neworld/9nrnnr18d93g3649.html]
[www.microsoft.com/pt-pt/p/disney-dreamlight-valley-avatar-designer-tool/9p8xdfc5z2jg3649.html]
[www.microsoft.com/pt-pt/p/3d-pinball-space-cadet/9mt92dxzj11r3649.html]
[www.microsoft.com/pt-pt/p/paw-puppy-kid-subway-surf/9p6b73hng92c3649.html]
[www.microsoft.com/pt-pt/p/princess-runner/9nzqnjqhlb713649.html]
[www.microsoft.com/pt-pt/store/games/windows9037.html]
[www.microsoft.com/pt-pt/store/localebf13.html]
[www.microsoft.com/pt-pt/microsoft-cloud.html]
[www.microsoft.com/etc.clientlibs/onecloud/clientlibs/clientlib-mwf-new/main-light.min.ACSHASHa17cefc450dc8afd2f5ca90058966ea8.css]
[www.microsoft.com/etc.clientlibs/onecloud/clientlibs/clientlib-mwf-ext/main-light.min.ACSHASHf8d397beaefce5eeee21041058477795.css]
[www.microsoft.com/pt-pt/microsoft-cloud/what-is-microsoft-cloud.html]
[www.microsoft.com/pt-pt/industry/automotive.html]
[www.microsoft.com/pt-pt/industry/energy.html]
[www.microsoft.com/pt-pt/industry/financial-services/microsoft-cloud-for-financial-services.html]
[www.microsoft.com/pt-pt/industry/government.html]
[www.microsoft.com/pt-pt/industry/health/microsoft-cloud-for-healthcare.html]
[www.microsoft.com/pt-pt/industry/manufacturing/microsoft-cloud-for-manufacturing.html]
[www.microsoft.com/pt-pt/industry/media-entertainment.html]
[www.microsoft.com/en-us/nonprofits/microsoft-cloud-for-nonprofit53a7.html]
[www.microsoft.com/pt-pt/industry/retail/microsoft-cloud-for-retail.html]
[www.microsoft.com/pt-pt/sustainability/cloud.html]
[www.microsoft.com/pt-pt/industry/telecommunications.html]
[www.microsoft.com/pt-pt/industry.html]
[www.microsoft.com/pt-pt/microsoft-cloud/contact-center.html]
[www.microsoft.com/pt-pt/microsoft-cloud/solutions/intelligent-data-platform.html]
[www.microsoft.com/pt-pt/flexibility/hybrid-work-solutions/frontline-workers.html]
[www.microsoft.com/pt-pt/industry/customer-experience-platform.html]
[www.microsoft.com/pt-pt/security.html]
[www.microsoft.com/pt-pt/sustainability.html]
[www.microsoft.com/pt-pt/trust-center.html]
[www.microsoft.com/en-us/events.html]
[www.microsoft.com/en-us/ai53a7.html]
[www.microsoft.com/en-us/mixed-reality/windows-mixed-reality53a7.html]
[www.microsoft.com/pt-pt/hololens53a7.html]
[www.microsoft.com/pt-pt/microsoft-viva53a7.html]
[www.microsoft.com/pt-pt/industry/automotive53a7.html]
[www.microsoft.com/pt-pt/industry/financial-services/banking53a7.html]
[www.microsoft.com/pt-pt/industry/government53a7.html]
[www.microsoft.com/pt-pt/industry/health53a7.html]
[www.microsoft.com/pt-pt/industry/manufacturing53a7]
[www.microsoft.com/pt-pt/industry/manufacturing/microsoft-cloud-for-manufacturing53a7.html]
[www.microsoft.com/pt-pt/industry/retail-consumer-goods53a7]
[www.microsoft.com/pt-pt/industry/retail/microsoft-cloud-for-retail53a7.html]
[www.microsoft.com/pt-pt/events53a7]
[www.microsoft.com/en-us/events53a7.html]
[www.microsoft.com/pt-pt/sustainability/cloud53a7.html]
[www.microsoft.com/pt-pt/security/business/microsoft-defender.html]
[www.microsoft.com/pt-pt/security/business/microsoft-entra.html]
[www.microsoft.com/pt-pt/security/business/microsoft-purview.html]
[www.microsoft.com/pt-pt/security/business/privacy/microsoft-priva-risk-management.html]
[www.microsoft.com/pt-pt/security/business/microsoft-endpoint-manager.html]
[www.microsoft.com/en-us/windows/windows-117c62.html]
[www.microsoft.com/pt-pt/security/business/reports-analysis/industry-recognized-cybersecurity-leader.html]
[www.microsoft.com/pt-pt/flexibility/hybrid-work-solutions53a7.html]
[www.microsoft.com/pt-pt/sustainability53a7.html]
[www.microsoft.com/pt-pt/microsoft-cloud/locales53a7.html]
[www.microsoft.com/pt-pt/microsoft-cloud53a7.html]
[www.microsoft.com/etc.clientlibs/onecloud/clientlibs/clientlib-mwf-ext/main-light.min.ACSHASHd34fce6586412fc1faf7731fe5adba54.js]
[www.microsoft.com/pt-pt/security/business/solutions/cloud-security.html]
[www.microsoft.com/pt-pt/security/business/solutions/security-for-frontline-workers.html]
[www.microsoft.com/pt-pt/security/business/solutions/identity-access.html]
[www.microsoft.com/pt-pt/security/business/solutions/industrial-critical-infrastructure-security.html]
[www.microsoft.com/pt-pt/security/business/solutions/information-protection.html]
[www.microsoft.com/pt-pt/security/business/solutions/iot-security.html]
[www.microsoft.com/pt-pt/security/business/solutions/passwordless-authentication.html]
[www.microsoft.com/pt-pt/security/business/solutions/phishing.html]
[www.microsoft.com/pt-pt/security/business/solutions/ransomware-protection-for-businesses.html]
[www.microsoft.com/pt-pt/security/business/solutions/risk-management.html]
[www.microsoft.com/pt-pt/security/business/secure-remote-work.html]
[www.microsoft.com/pt-pt/security/business/threat-protection.html]
[www.microsoft.com/pt-pt/security/business/solutions/security-for-small-and-medium-business.html]
[www.microsoft.com/pt-pt/security/business/zero-trust.html]
[www.microsoft.com/pt-pt/security/business/endpoint-management/microsoft-intune53a7.html]
[www.microsoft.com/pt-pt/security/business/microsoft-priva.html]
[www.microsoft.com/pt-pt/security/business/siem-and-xdr/microsoft-sentinel53a7.html]
[www.microsoft.com/pt-pt/security/business/identity-access/azure-active-directory.html]
[www.microsoft.com/pt-pt/security/business/identity-access/microsoft-entra-identity-governance.html]
[www.microsoft.com/pt-pt/security/business/identity-access/microsoft-entra-permissions-management.html]
[www.microsoft.com/pt-pt/security/business/identity-access/microsoft-entra-verified-id.html]
[www.microsoft.com/pt-pt/security/business/identity-access/microsoft-entra-workload-identities.html]
[www.microsoft.com/pt-pt/security/business/siem-and-xdr/microsoft-sentinel.html]
[www.microsoft.com/pt-pt/security/business/cloud-security/microsoft-defender-cloud.html]
[www.microsoft.com/pt-pt/security/business/siem-and-xdr/microsoft-365-defender.html]
[www.microsoft.com/pt-pt/security/business/endpoint-security/microsoft-defender-endpoint.html]
[www.microsoft.com/pt-pt/security/business/siem-and-xdr/microsoft-defender-office-365.html]
[www.microsoft.com/pt-pt/security/business/siem-and-xdr/microsoft-defender-for-identity.html]
[www.microsoft.com/pt-pt/security/business/siem-and-xdr/microsoft-defender-cloud-apps.html]
[www.microsoft.com/pt-pt/security/business/threat-protection/microsoft-defender-vulnerability-management.html]
[www.microsoft.com/pt-pt/security/business/siem-and-xdr/microsoft-defender-threat-intelligence.html]
[www.microsoft.com/pt-pt/security/business/cloud-security/microsoft-defender-cloud-security-posture-management.html]
[www.microsoft.com/pt-pt/security/business/cloud-security/microsoft-defender-devops.html]
[www.microsoft.com/pt-pt/security/business/cloud-security/microsoft-defender-external-attack-surface-management.html]
[www.microsoft.com/pt-pt/security/business/endpoint-security/microsoft-defender-iot.html]
[www.microsoft.com/pt-pt/security/business/endpoint-security/microsoft-defender-business.html]
[www.microsoft.com/pt-pt/security/business/risk-management/microsoft-purview-insider-risk-management.html]
[www.microsoft.com/pt-pt/security/business/risk-management/microsoft-purview-communication-compliance.html]
[www.microsoft.com/pt-pt/security/business/risk-management/microsoft-purview-ediscovery.html]
[www.microsoft.com/pt-pt/security/business/risk-management/microsoft-purview-compliance-manager.html]
[www.microsoft.com/pt-pt/security/business/risk-management/microsoft-purview-audit.html]
[www.microsoft.com/pt-pt/security/business/information-protection/microsoft-purview-information-protection.html]
[www.microsoft.com/pt-pt/security/business/information-protection/microsoft-purview-data-lifecycle-management.html]
[www.microsoft.com/pt-pt/security/business/information-protection/microsoft-purview-data-loss-prevention.html]
[www.microsoft.com/pt-pt/security/business/services.html]
[www.microsoft.com/pt-pt/security/business/services/microsoft-defender-experts-hunting.html]
[www.microsoft.com/pt-pt/security/business/services/microsoft-security-services-enterprise.html]
[www.microsoft.com/pt-pt/security/business/services/microsoft-security-services-incident-response.html]
[www.microsoft.com/pt-pt/security/business/services/microsoft-security-services-modernization.html]
[www.microsoft.com/pt-pt/security/business/partnerships.html]
[www.microsoft.com/pt-pt/security/business/cybersecurity-awareness.html]
[www.microsoft.com/pt-pt/security/business/security-101.html]
[www.microsoft.com/pt-pt/security/business/get-started/start-free-trial.html]
[www.microsoft.com/pt-pt/security/business/services/compliance-program-microsoft-cloud.html]
[www.microsoft.com/pt-pt/security/business/get-started/contact-us.html]
[www.microsoft.com/en-us/security/blog/index.html]
[www.microsoft.com/pt-pt/security/business.html]
[www.microsoft.com/pt-pt/microsoft-365/locale-2.html]
[www.microsoft.com/pt-pt/security53a7.html]
[www.microsoft.com/onerfstatics/marketingsites-neu-prod/_h/dfa0b592/coreui.statics/externalscripts/jquery/jquery-3.5.1.min.js]
[www.microsoft.com/mwf/css/MWF_20220915_56101889/west-european/default/actiontoggle/alert/ambientvideo/areaheading/autosuggest/button/calltoaction/carouselbase/combo/contentrichblock/dialog//table.42710e6.delaye]
[www.microsoft.com/onerfstatics/marketingsites-neu-prod/microsoft-365-business/_scrf/js/themes=default/15-f7ebf6/44-f01b50/79-851f4c/e6-6b0cce/38-612ec2/ed-0fe1b2/8f-f92bc5/d1-98d78a/c6-0/9f-763b80.42a2f21.delay]
[www.microsoft.com/onerfstatics/marketingsites-neu-prod/microsoft-365-business/_scrf/js/themes=default/88-3d3ba4/bc-0938cd2f21]
[www.microsoft.com/mwf/js/MWF_20220915_56101889/actiontoggle/alert/ambientvideo/areaheading/autosuggest/button/calltoaction/carouselbase/combo/contentrichblock/dialog/divider/drawer/feature//table.42d0202.delaye]
[www.microsoft.com/onerfstatics/marketingsites-neu-prod/west-european/microsoft-365-business/_scrf/css/themes=default.device=uplevel_web_pc/b8-7ddb61/11-9583d4/1f-adbee4/66-44826c/b5-c953/ef-a24652.4282f21.delay]
[www.microsoft.com/onerfstatics/marketingsites-neu-prod/microsoft-365-business/_scrf/js/themes=default/bb-837594/26-68b0c6/97-68c2ce/29-e9e2d4/d3-e4d8ea/90-df9727/38-5d7b70/57-a7cedf/93-d/72-9628a0.42b2f21.delay]
[www.microsoft.com/pt-pt/microsoft-365/GET]
[www.microsoft.com/pt-pt/microsoft-365/business/microsoft-365-frequently-asked-questions.html]
[www.microsoft.com/pt-pt/microsoft-365/find-a-partner]
[www.microsoft.com/pt-pt/microsoft-365/business/compare-all-microsoft-365-business-products.html]
[www.microsoft.com/pt-pt/microsoft-365/business/microsoft-365-plan-chooser.html]
[www.microsoft.com/pt-pt/microsoft-teams/audio-conferencing.html]
[www.microsoft.com/pt-pt/microsoft-365/business/microsoft-365-business-basic.html]
[www.microsoft.com/pt-pt/microsoft-365/business/microsoft-365-business-standard.html]
[www.microsoft.com/pt-pt/microsoft-365/business/microsoft-365-business-premium.html]
[www.microsoft.com/pt-pt/microsoft-365/business/microsoft-365-apps-for-business.html]
[www.microsoft.com/onerfstatics/marketingsites-neu-prod/_h/9be151e5/coreui.statics/images/1x1clear.gif]
[www.microsoft.com/pt-pt/microsoft-365/microsoft-365-and-office-resources.html]
[www.microsoft.com/onerfstatics/marketingsites-neu-prod/_h/78fd89da/office.testdrive/images/social/SupportResources.png]
[www.microsoft.com/onerfstatics/marketingsites-neu-prod/_h/dc3b3cdd/office.testdrive/images/social/SupportResources-high-contrast.png]
[www.microsoft.com/onerfstatics/marketingsites-neu-prod/_h/bb281afb/office.testdrive/images/social/BusinessSales.png]
[www.microsoft.com/onerfstatics/marketingsites-neu-prod/_h/935d9331/office.testdrive/images/social/BusinessSales-high-contrast.png]
[www.microsoft.com/onerfstatics/marketingsites-neu-prod/_h/30de2af0/office.testdrive/images/social/LinkedIn.png]
[www.microsoft.com/onerfstatics/marketingsites-neu-prod/_h/e9682e51/office.testdrive/images/social/LinkedIn-high-contrast.png]
[www.microsoft.com/onerfstatics/marketingsites-neu-prod/_h/10609c90/office.testdrive/images/social/Twitter.png]
[www.microsoft.com/onerfstatics/marketingsites-neu-prod/_h/6edf9aa7/office.testdrive/images/social/Twitter-high-contrast.png]
[www.microsoft.com/onerfstatics/marketingsites-neu-prod/_h/f3229d48/office.testdrive/images/social/Blog.png]
[www.microsoft.com/onerfstatics/marketingsites-neu-prod/_h/fa9a23e2/office.testdrive/images/social/Blog-high-contrast.png]
[www.microsoft.com/pt-PT/microsoft-365/locale1a35.html]
[www.microsoft.com/pt-pt/microsoft-365/business53a7.html]
[www.microsoft.com/pt-pt/industry/financial-services/banking.html]
[www.microsoft.com/onerfstatics/marketingsites-neu-prod/west-european/shell/_scrf/css/themes=default.device=uplevel_web_pc_webkit/79-4cdd0a/33-ae3d41/a5-4bf7a2/13-8e1ceb/81-32f0c0/5c-b7b6/ef-a24652.44a2f21.delay]
[www.microsoft.com/pt-pt/industry/financial-services/capital-markets.html]
[www.microsoft.com/pt-pt/industry/financial-services/insurance.html]
[www.microsoft.com/pt-pt/industry/government/critical-infrastructure.html]
[www.microsoft.com/pt-pt/industry/government/public-finance.html]
[www.microsoft.com/pt-pt/industry/government/public-health-service.html]
[www.microsoft.com/pt-pt/industry/government/public-safety-and-justice.html]
[www.microsoft.com/pt-pt/industry/government/defense-and-intelligence.html]
[www.microsoft.com/pt-pt/industry/health/payors.html]
[www.microsoft.com/pt-pt/industry/health/pharmaceuticals.html]
[www.microsoft.com/en-us/industry/sovereignty/cloud.html]
[www.microsoft.com/pt-pt/industry/customer-experience-platform594d.html]
[www.microsoft.com/pt-pt/industry/consumer-goods.html]
[www.microsoft.com/pt-pt/hololens.html]
[www.microsoft.com/pt-pt/industry/content-hub.html]
[www.microsoft.com/pt-pt/education/school-leaders/k-12-microsoft-education-transformation-framework.html]
[www.microsoft.com/en-us/nonprofitsfa8e.html]
[www.microsoft.com/pt-pt/industry/nuance.html]
[www.microsoft.com/etc.clientlibs/microsoft/components/content/inline-video/v1/inline-video/clientlibs.site.min.ACSHASHd4aef840885bccad071a987cc449cf3e.css]
[www.microsoft.com/etc.clientlibs/microsoft/components/content/inline-video/v1/inline-video/clientlibs/site.min.ACSHASH2da76a09ce5c5c5834d1669bdd25696e.js]
[www.microsoft.com/pt-pt/industry/digital-transformation.html]
[www.microsoft.com/pt-pt/industry/consumer-goods0c59.html]
[www.microsoft.com/en-us/sustainability/cloud.html]
[www.microsoft.com/pt-pt/industry/locales53a7.html]
[www.microsoft.com/pt-pt/industry53a7.html]
[www.microsoft.com/pt-pt/windows-365/business.html]
[www.microsoft.com/pt-pt/windows-365/enterprise.html]
[www.microsoft.com/pt-pt/windows-365/cloud-pc-chooser.html]
[www.microsoft.com/pt-pt/windows-365/business/compare-plans-pricing.html]
[www.microsoft.com/pt-pt/windows-365/business/configure.html]
[www.microsoft.com/pt-pt/windows-365/all-pricing.html]
[www.microsoft.com/pt-pt/windows-365/enterprise/compare-plans-pricing.html]
[www.microsoft.com/pt-pt/windows-365/enterprise/configure.html]
[www.microsoft.com/pt-pt/windows-365/all-pricinge14a.html]
[www.microsoft.com/pt-pt/windows-365/faq.html]
[www.microsoft.com/pt-pt/windows-36553a7.html]
[assets.onestore.ms/cdnfiles/external/mwf/long/v1/v1.26.1/css/mwf-west-european-default.min.css]
[www.microsoft.com/onerfstatics/marketingsites-wcus-prod/west-european/shell/_scrf/css/themes=default.device=uplevel_web_pc/79-4cdd0a/33-ae3d41/a5-4bf7a2/13-8e1ceb/81-32f0c0/5c-b7b685/b8-/ef-a24652.476f237.delay]
[statics-marketingsites-wcus-ms-com.akamaized.net/statics/override.css]
[ajax.aspnetcdn.com/ajax/jQuery/jquery-1.9.1.min.js]
[www.microsoft.com/onerfstatics/marketingsites-wcus-prod/shell/_scrf/js/themes=default/8e-e88b64/82-2a4f02/49-a00ab0/92-02e55d/7c-dcea75/75-fca72d/ed-e77ee7/d5-bf34c0/a9-078595/7a-7ea8cc//37-8473b9.479aff3.delay]
[www.microsoft.com/pt-pt/download/windows.html]
[www.microsoft.com/pt-pt/download/office.html]
[www.microsoft.com/pt-pt/download/internet-explorer.html]
[www.microsoft.com/pt-pt/download/developer-tools.html]
[www.microsoft.com/pt-pt/download/xbox.html]
[www.microsoft.com/pt-pt/download/windowsphone.html]
[c.s-microsoft.com/pt-pt/CMSImages/DLC_Win_75x75aa4c.png]
[www.microsoft.com/pt-pt/surfacee64b.html]
[c.s-microsoft.com/pt-pt/CMSImages/DLC_Ofc_75x750889.png]
[c.s-microsoft.com/pt-pt/CMSImages/DLC_Browsers_75x75e832.png]
[c.s-microsoft.com/pt-pt/CMSImages/DLC_DevTools_75x7540cb.png]
[c.s-microsoft.com/pt-pt/CMSImages/DLC_MSUpdate_75x7526e5.png]
[c.s-microsoft.com/pt-pt/CMSImages/DLC_Xbox_75x751f96.png]
[c.s-microsoft.com/pt-pt/CMSImages/DLC_WinPhone_75x75f592.png]
[c.s-microsoft.com/pt-pt/CMSImages/DLC_Drivers_75x75d0e8.png]
[www.microsoft.com/pt-pt/download/driver.html]
[www.microsoft.com/pt-pt/microsoft-365/p/microsoft-365-personal/cfq7ttc0k5bfe64b.html]
[www.microsoft.com/pt-pt/microsoft-365/p/microsoft-365-family/cfq7ttc0k5dme64b.html]
[c.s-microsoft.com/pt-pt/CMSImages/HPFeb15_social_Facebook6f2b.png]
[c.s-microsoft.com/pt-pt/CMSImages/HPFeb15_social_Twitter01e4.png]
[www.microsoft.com/en-us/locale.html]
[www.microsoft.com/pt-pt/download/default.html]
[assets.onestore.ms/cdnfiles/external/mwf/long/v1/v1.26.1/scripts/mwf-auto-init-main.var.min.js]
[cortexonemsedu.azureedge.net/assets/education-feature-seo-og/1/education-feature-seo-og.jpg]
[code.jquery.com/jquery-3.4.1.min.js]
[eduv2.msftedu.com/webassets/cortexmain.js]
[cdn.jsdelivr.net/npm/mdn-polyfills/NodeList.prototype.forEach.js]
[mwf-service.akamaized.net/mwf/css/bundle/1.57.0/west-european/default/mwf-main.min.css]
[mwf-service.akamaized.net/mwf/js/bundle/1.57.3/mwf-main.var.min.js]
[eduv2.msftedu.com/webassets/cortexcss.css]
[forrit-one-msedu-p1-consumables.azureedge.net/media/7743497f-a70e-4556-b4e3-91dda8bd8b4d/CortexImmersiveReader.js]
[www.microsoft.com/onerfstatics/marketingsites-wcus-prod/west-european/shell/_scrf/css/themes=default.device=uplevel_web_pc/79-4cdd0a/33-ae3d41/a5-4bf7a2/13-8e1ceb/81-32f0c0/5c-b7b685/b8-/ef-a24652.49d2f21.delay]
[eduv2.msftedu.com/webassets/lazysizes.min.js]
[eduv2.msftedu.com/webassets/tagging_init.js]
[contentstorage.onenote.office.net/onenoteltir/immersivereadersdk/immersive-reader-sdk.0.6.1.js]
[www.microsoft.com/videoplayer/js/oneplayer.js]
[cdn.jsdelivr.net/npm/js-cookie@2/src/js.cookie.min.js]
[az416426.vo.msecnd.net/scripts/b/ai.2.min.js]
[www.microsoft.com/pt-pt/education.html]
[www.microsoft.com/pt-pt/education/devices/overview.html]
[www.microsoft.com/pt-pt/education/devices.html]
[www.microsoft.com/pt-pt/education/how-to-buy.html]
[www.microsoft.com/pt-pt/education/products.html]
[www.microsoft.com/pt-pt/education/products/windows.html]
[www.microsoft.com/pt-pt/education/products/windows-11-se.html]
[www.microsoft.com/pt-pt/education/products/teams.html]
[www.microsoft.com/pt-pt/education/products/career-coach.html]
[www.microsoft.com/pt-pt/education/products/learning-tools.html]
[www.microsoft.com/pt-pt/education/products/onenote.html]
[www.microsoft.com/pt-pt/education/products/edge.html]
[www.microsoft.com/pt-pt/education/intune.html]
[www.microsoft.com/pt-pt/education/higher-education/cloud-solutions.html]
[www.microsoft.com/pt-pt/education/products/azuretrial.html]
[www.microsoft.com/pt-pt/store/most-popular/apps/pcfc96.html]
[www.microsoft.com/pt-pt/education/training-and-events.html]
[www.microsoft.com/pt-pt/education/training-and-events/events-calendar.html]
[www.microsoft.com/pt-pt/education/it-pro/training-and-support.html]
[www.microsoft.com/pt-pt/education/imagine-academy.html]
[www.microsoft.com/pt-pt/education/school-leaders.html]
[www.microsoft.com/pt-pt/education/remote-learning/k12-leaders.html]
[www.microsoft.com/pt-pt/education/educators.html]
[www.microsoft.com/pt-pt/education/educators/stem.html]
[www.microsoft.com/pt-pt/education/educators/student-centered-learning.html]
[www.microsoft.com/pt-pt/education/remote-learning/k12-educators.html]
[www.microsoft.com/pt-pt/education/students.html]
[www.microsoft.com/pt-pt/education/it-pro.html]
[www.microsoft.com/pt-pt/education/it-pro/deployment.html]
[www.microsoft.com/pt-pt/education/it-pro/security-solutions.html]
[www.microsoft.com/pt-pt/education/remote-learning/higher-education-it.html]
[www.microsoft.com/pt-pt/education/higher-education/academic-research.html]
[www.microsoft.com/pt-pt/education/higher-education/campus-security-and-student-safety.html]
[www.microsoft.com/pt-pt/education/higher-education/campus-solutions.html]
[www.microsoft.com/pt-pt/education/higher-education/student-lifecycle.html]
[www.microsoft.com/pt-pt/education/higher-education/edu-skills.html]
[www.microsoft.com/pt-pt/education/remote-learning/higher-education-faculty.html]
[www.microsoft.com/pt-pt/education/higher-education/education-transformation-framework.html]
[www.microsoft.com/pl-pl/education/devices/overview.html]
[www.microsoft.com/pt-pt/education/find-a-partner.html]
[forrit-one-msedu-p1-consumables.azureedge.net/media/7ad2500b-66f1-43ea-80bb-9dd58416eae3/HP_nonsurface_1920x720.jpg]
[cortexonemsedu.azureedge.net/assets/hp-1920-120x120-inclusively/1/HP_1920_120x120_Inclusively.jpg]
[cortexonemsedu.azureedge.net/assets/hp-1920-120x120-acceleratelearning/1/HP_1920_120x120_AccelerateLearning.jpg]
[cortexonemsedu.azureedge.net/assets/hp-1920-120x120-foster/1/HP_1920_120x120_Foster.jpg]
[cortexonemsedu.azureedge.net/assets/hp-1920-120x120-trusted/1/HP_1920_120x120_Trusted.jpg]
[forrit-one-msedu-p1-consumables.azureedge.net/media/129c6e8c-ff72-4d32-bd18-e05a9d9dbb92/HP-updatedwindows11se_1920x720.jpg]
[forrit-one-msedu-p1-consumables.azureedge.net/media/89c9645c-265d-44a9-8996-2bd2f6992710/Homepage-Super-Mosaic-1-540x300.jpg]
[forrit-one-msedu-p1-consumables.azureedge.net/media/502d661e-3101-46c0-9b7d-06d38909176d/Homepage-Super-Mosaic-2-540x300.jpg]
[forrit-one-msedu-p1-consumables.azureedge.net/media/81e91d69-1ec7-4a84-abe0-c74a15a2ebe2/Windows-twoup2-365-Teams-540x300.jpg]
[forrit-one-msedu-p1-consumables.azureedge.net/media/d02a0f40-b7fb-41dc-a2dc-0e2309704c42/Homepage-Super-Mosaic-4-540x300.jpg]
[cortexonemsedu.azureedge.net/assets/supr-microsoftteams-image-555/1/Supr-MicrosoftTeams-image-555.png]
[cortexonemsedu.azureedge.net/assets/hp-120x120-it/1/HP_120x120_IT.jpg]
[cortexonemsedu.azureedge.net/assets/supr-microsoftteams-image/1/Supr-MicrosoftTeams-image.png]
[www.microsoft.com/pt-pt/education/higher-education.html]
[cortexonemsedu.azureedge.net/assets/hp-120x120-highereducation/1/HP_120x120_HigherEducation.jpg]
[cortexonemsedu.azureedge.net/assets/hp-120x120-students/1/HP_120x120_Students.jpg]
[www.microsoft.com/pt-pt/fasttrack/microsoft-365.html]
[www.microsoft.com/pt-pt/educationa2a7.html]
[www.microsoft.com/licensing/index.html]
[www.microsoft.com/pt-pt/education/locale.html]
[www.microsoft.com/onerfstatics/marketingsites-neu-prod/west-european/mscomhp/_scrf/css/themes=default.device=uplevel_web_pc/b8-7ddb61/ef-a246522f21.css]
[www.microsoft.com/mwf/css/MWF_20220915_56101889/west-european/default/alert/autosuggest/contentrichblock/glyph/heading/hyperlinkgroup/image/inpagenavigation/list/pagebehaviors/richheadin/skiptomain.4e210e6.dela]
[www.microsoft.com/onerfstatics/marketingsites-neu-prod/mscomhp/_scrf/js/themes=default/88-3d3ba4/bc-0938cd2f21]
[www.microsoft.com/mwf/js/MWF_20220915_56101889/alert/autosuggest/contentrichblock/glyph/heading/hyperlinkgroup/image/inpagenavigation/list/pagebehaviors/richheading/skiptomain0202]
[www.microsoft.com/onerfstatics/marketingsites-neu-prod/mscomhp/_scrf/js/themes=default/44-f01b50/79-851f4c/e6-6b0cce/38-612ec2/ed-0fe1b2/8f-f92bc5/d1-98d78a/c6-082272/a7-f7a340/1e-addbef/9f-763b80.4e42f21.delay]
[www.microsoft.com/pt-pt/licensing/index53a7.html]
[www.microsoft.com/en-us/store/workshops-training-and-events/index.html]
[www.microsoft.com/en-us/store/locations/find-a-storecdab.html]
[www.microsoft.com/pt-pt/store/b/developer2c23]
[www.microsoft.com/pt-pt2c23.html]
[www.microsoft.com/pt-pt/store/b/gift-cards2b5a.html]
[www.microsoft.com/pt-pt/security/default53a7.aspx]
[www.microsoft.com/pt-pt/windows/get-windows-1005cf.html]
[www.microsoft.com/en-us/windowsforbusiness]
[www.microsoft.com/en-us/windows/business.html]
[www.microsoft.com/pt-pt/windows/windows-10-games]
[www.microsoft.com/pt-pt/windows/windows-10-pc-gaming.html]
[www.microsoft.com/pt-pt/microsoft-365/explore-microsoft-365-for-home53a7.html]
[www.microsoft.com/pt-pt/microsoft-365/mac/microsoft-365-for-mac53a7.html]
[www.microsoft.com/en-us/education/products/microsoft-365.html]
[www.microsoft.com/pt-pt/microsoft-365/mobile53a7.html]
[www.microsoft.com/pt-pt/microsoft-365/word53a7.html]
[www.microsoft.com/pt-pt/microsoft-365/excel53a7.html]
[www.microsoft.com/pt-pt/microsoft-365/powerpoint53a7.html]
[www.microsoft.com/pt-pt/microsoft-365/outlook/email-and-calendar-software-microsoft-outlook53a7.html]
[www.microsoft.com/pt-pt/microsoft-365/access53a7.html]
[www.microsoft.com/pt-pt/microsoft-365/exchange/email53a7.html]
[www.microsoft.com/pt-pt/microsoft-365/onedrive/onedrive-for-business53a7.html]
[www.microsoft.com/pt-pt/microsoft-365/sharepoint/collaboration53a7.html]
[www.microsoft.com/pt-pt/microsoft-365/previous-versions/skype-for-business-online53a7.html]
[www.microsoft.com/pt-pt/microsoft-365/visio/flowchart-software53a7.html]
[www.microsoft.com/en-us/maps.html]
[www.microsoft.com/pt-pt/surface.html]
[www.microsoft.com/pt-pt/d/surface-pro-7-plus/92wrlrcvz4pr.html]
[www.microsoft.com/pt-pt/d/surface-studio-2-plus/8VLFQC3597K4.html]
[www.microsoft.com/pt-pt/store/b/surface-accessories.html]
[www.microsoft.com/pt-pt/surface/buy.html]
[www.microsoft.com/pt-pt/surface/business.html]
[www.microsoft.com/en-us/store/b/pcb62c.html]
[www.microsoft.com/pt-pt/windows/phones]
[www.microsoft.com/pt-pt/hololens/index.html]
[www.microsoft.com/en-us/d/surface-dial/925r551sktgn.html]
[www.microsoft.com/pt-pt/store/b/surfaceaccessories]
[www.microsoft.com/pt-pt/store/b/surfaceaccessories]
[www.microsoft.com/pt-pt/store/b/surfaceaccessories]
[www.microsoft.com/en-us/windows-365/business.html]
[www.microsoft.com/en-us/windows-365/enterprise.html]
[www.microsoft.com/pt-pt/microsoft-365/enterprise53a7.html]
[www.microsoft.com/pt-pt/microsoft-365/enterprise/compare-office-365-plans53a7.html]
[www.microsoft.com/en-us/windowsforbusiness]
[www.microsoft.com/en-us/windows/business/devices.html]
[www.microsoft.com/pt-pt/sql-server/index.html]
[www.microsoft.com/pt-pt/system-center.html]
[www.microsoft.com/en-ww/windowsforbusiness/windows-iot]
[www.microsoft.com/en-us/research/index.html]
[www.microsoft.com/pt-pt/enterprise-mobility-security]
[www.microsoft.com/pt-pt/security/business/enterprise-mobility-security53a7]
[www.microsoft.com/pt-pt/security/business5fe4.html]
[www.microsoft.com/en-us/windowsforbusiness]
[www.microsoft.com/pt-pt/industry/financial-services/banking-and-capital-markets53a7]
[www.microsoft.com/pt-pt/industry/manufacturing53a7]
[www.microsoft.com/pt-pt/industry/media-entertainment53a7.html]
[www.microsoft.com/pt-pt/industry/retail-consumer-goods53a7]
[www.microsoft.com/pt-pt/industry/telecommunications53a7.html]
[www.microsoft.com/pt-pt/industry/index53a7.html]
[www.microsoft.com/pt-pt/licensing/default.html]
[www.microsoft.com/pt-pt/microsoft-365/business/microsoft-365-affiliate-program53a7.html]
[www.microsoft.com/en-us/diversity]
[www.microsoft.com/en-us/accessibility53a7.html]
[www.microsoft.com/en-us/corporate-responsibility/philanthropies]
[www.microsoft.com/en-us/corporate-responsibility.html]
[www.microsoft.com/en-us/corporate-responsibility/index.html]
[www.microsoft.com/en-us/digital-skills/teals]
[www.microsoft.com/en-us/teals.html]
[www.microsoft.com/pt-pt/sitemap.html]
[www.microsoft.com/pt-pt/store/buy.html]
[www.microsoft.com/etc.clientlibs/microsoft/components/content/highlightcarousel/v1/highlightcarousel/clientlibs/site.min.ACSHASH58ded7ec79d32269013420240bdd4f9f.css]
[www.microsoft.com/pt-pt/locale984f.html]
[www.microsoft.com/mwf/css/MWF_20200416_22921869/west-european/store-web-default/actionmenu/alert/autosuggest/banner/button/carouselbase/channelplacement/channelplacementitem/contentplaceme/toggle.57410e6.delaye]
[statics-storeexp-wcus-ms-com.akamaized.net/_h/dfa0b592/coreui.statics/externalscripts/jquery/jquery-3.5.1.min.js]
[www.microsoft.com/mwf/js/MWF_20200416_22921869/actionmenu/alert/autosuggest/banner/button/carouselbase/channelplacement/channelplacementitem/contentplacement/contentplacementitem/contentri/toggle.5770202.delaye]
[www.microsoft.com/pt-pt/d/surface-pro-9/GET]
[www.microsoft.com/pt-pt/d/surface-studio-2-plus/8vlfqc3597k4-2.html]
[www.microsoft.com/pt-pt/surface/business/surface-pro-9.html]
[www.microsoft.com/pt-pt/surface/business/surface-pro-8.html]
[www.microsoft.com/pt-pt/surface/business/surface-go-3.html]
[www.microsoft.com/pt-pt/surface/business/surface-pro-7-plus.html]
[www.microsoft.com/pt-pt/surface/business/surface-laptop-5.html]
[www.microsoft.com/pt-pt/surface/business/surface-laptop-studio.html]
[www.microsoft.com/pt-pt/surface/business/surface-laptop-go-2.html]
[www.microsoft.com/pt-pt/surface/business/surface-studio-2-plus.html]
[www.microsoft.com/pt-pt/surface/business/surface-hub-2.html]
[www.microsoft.com/pt-pt/surface/business/accessories.html]
[www.microsoft.com/pt-pt/surface/business/surface-headphones-2-plus.html]
[www.microsoft.com/pt-pt/surface/business/teams-accessories.html]
[www.microsoft.com/pt-pt/store/collections/surfaceproxaccessories733b.html]
[www.microsoft.com/pt-pt/store/collections/surfaceproaccessories733b.html]
[www.microsoft.com/pt-pt/store/collections/surfacelaptopaccessories733b.html]
[www.microsoft.com/pt-pt/store/collections/surfacegoaccessories733b.html]
[www.microsoft.com/pt-pt/store/collections/microsoftsurfacedeals733b.html]
[www.microsoft.com/pt-pt/store/collections/surfacelist733b.html]
[www.microsoft.com/pt-pt/store/b/surface-promisee54c.html]
[www.microsoft.com/pt-pt/d/Surface-Pro-9-for-Business/8xjc219dg79z.html]
[www.microsoft.com/pt-pt/store/r/student-discountse827]
[www.microsoft.com/uniblends/scripts/blender.min.js]
[www.microsoft.com/pt-pt/d/surface-pro-9/93VKD8NP4FVK99f7.html]
[www.microsoft.com/pt-pt/d/surface-pro-9/93VKD8NP4FVK2caa.html]
[statics-storeexp-wcus-ms-com.akamaized.net/_h/9be151e5/coreui.statics/images/1x1clear.gif]
[www.microsoft.com/pt-pt/d/surface-pro-9/93vkd8np4fvk636e.html]
[www.microsoft.com/pt-pt/store/configure/pdp/93vkd8np4fvk.html]
[www.microsoft.com/pt-pt/d/surface-go-3/904h27d0cbwn9968.html]
[www.microsoft.com/pt-pt/d/surface-laptop-studio/8srdf62swkpf9968.html]
[www.microsoft.com/pt-pt/store/b/microsoft-complete3a62.html]
[www.microsoft.com/pt-pt/microsoft-365/tryc7c8.html]
[www.microsoft.com/pt-pt/d/surface-pro-9/93VKD8NP4FVK5d9a.html]
[www.microsoft.com/pt-pt/store/locale8880.html]
[www.microsoft.com/mwf/css/MWF_20220915_56101889/west-european/default/actiontoggle/alert/areaheading/autosuggest/banner/button/calltoaction/combo/contentplacement/contentrichblock/dialog/di/table.59f10e6.delaye]
[www.microsoft.com/onerfstatics/marketingsites-neu-prod/microsoft-365/_scrf/js/themes=default/88-3d3ba4/bc-0938cd2f21]
[www.microsoft.com/mwf/js/MWF_20220915_56101889/actiontoggle/alert/areaheading/autosuggest/banner/button/calltoaction/combo/contentplacement/contentrichblock/dialog/divider/drawer/flyout/gly/table.5a40202.delaye]
[www.microsoft.com/onerfstatics/marketingsites-neu-prod/microsoft-365/_scrf/js/themes=default/44-f01b50/79-851f4c/50-a0b94e/9e-e1feb8/e6-6b0cce/38-612ec2/ed-0fe1b2/8f-f92bc5/d1-98d78a/c6-/9f-763b80.5a12f21.delay]
[www.microsoft.com/onerfstatics/marketingsites-neu-prod/microsoft-365/_scrf/js/themes=default/3e-ad53a0/55-1ecbe5/62-84d8f8/ee-1969c3/c3-03d449/d9-bb281c/3d-7bdaf4/cc-c56eaf/bb-837594/29-/25-0ad75d.5a22f21.delay]
[www.microsoft.com/onerfstatics/marketingsites-neu-prod/west-european/microsoft-365/_scrf/css/themes=default.device=uplevel_web_pc/b8-7ddb61/11-9583d4/1f-adbee4/66-44826c/b5-c953f8/eb-b9e/2f-09e670.5a02f21.delay]
[www.microsoft.com/pt-pt/microsoft-365/buy/GET]
[www.microsoft.com/pt-pt/microsoft-365/find-a-partner]
[www.microsoft.com/pt-pt/microsoft-365/college-student-pricing.html]
[www.microsoft.com/pt-pt/microsoft-365/try.html]
[www.microsoft.com/pt-pt/microsoft-365/buy/microsoft-365-family.html]
[www.microsoft.com/pt-pt/microsoft-365/get-started-with-office-2021.html]
[www.microsoft.com/pt-pt/microsoft-365/buy/compare-all-microsoft-365-productsd1d0.html]
[www.microsoft.com/pt-PT/microsoft-365/localed160.html]
[www.microsoft.com/pt-pt/store/collections/surfacelist.html]
[www.microsoft.com/pt-pt/d/surface-pro-9-para-empresas/8xjc219dg79z.html]
[www.microsoft.com/pt-pt/d/pacote-essenciais-surface-laptop-go-2/8rpj1ck09v7t.html]
[www.microsoft.com/pt-pt/d/pacote-essenciais-surface-pro-8/8qh8v48n82m0.html]
[www.microsoft.com/pt-pt/d/pacote-essenciais-surface-go-3/8p5dqh206jw0.html]
[www.microsoft.com/pt-pt/d/pacote-essenciais-surface-pro-x/8q754btzgmsv.html]
[www.microsoft.com/pt-pt/d/pacote-essenciais-surface-laptop-4/8q410j30qwvb.html]
[www.microsoft.com/pt-pt/d/surface-pro-8-para-empresas/8x957cqqp1t4.html]
[www.microsoft.com/pt-pt/d/surface-go-3-para-empresas/8msjbnl8hbxw.html]
[www.microsoft.com/pt-pt/d/surface-pro-x-para-empresas/8nn2smpxk1fr.html]
[www.microsoft.com/pt-pt/d/surface-pro-7-para-empresas/8p43n3k93409.html]
[www.microsoft.com/pt-pt/store/collections/surfacelist5015.html]
[www.microsoft.com/etc.clientlibs/microsoft/components/content/list/v1/list/clientlibs/clientlib.min.ACSHASHc784d166108af19c7eb4f981f815af4c.js]
[www.microsoft.com/pt-pt/store/b/accessoriesd980.html]
[c.s-microsoft.com/pt-pt/CMSImages/Panel20_LinkNav_Logos_Wortenafcf.jpg]
[c.s-microsoft.com/pt-pt/CMSImages/Panel20_LinkNav_Logos_FNac964c.jpg]
[www.microsoft.com/pt-pt/microsoft-365/onedrive/pc-cloud-backup53a7.html]
[www.microsoft.com/pt-pt/store/collections/surfacelist/index453b.html]
[www.microsoft.com/pt-pt/microsoft-365/onedrive/online-cloud-storage53a7.html]
[www.microsoft.com/pt-pt/windows/get-windows-11e9d7.html]
[www.microsoft.com/en-us/windows/business/windows-11-pro.html]
[www.microsoft.com/pt-pt/store/b/xboxa48b.html]
[www.microsoft.com/pt-pt/store/b/business0657.html]
[www.microsoft.com/mwf/css/MWF_20200416_22921869/west-european/store-web-default/actionmenu/alert/autosuggest/banner/button/carouselbase/channelplacement/channelplacementitem/contentplaceme/toggle.5de10e6.delaye]
[www.microsoft.com/mwf/js/MWF_20200416_22921869/actionmenu/alert/autosuggest/banner/button/carouselbase/channelplacement/channelplacementitem/contentplacement/contentplacementitem/contentri/toggle.5df0202.delaye]
[www.microsoft.com/pt-pt/d/surface-laptop-5/GET]
[www.microsoft.com/pt-pt/store/configure/Surface-Laptop-5/8XN49V61S1BN.html]
[www.microsoft.com/pt-pt/store/r/student-discounts275f]
[www.microsoft.com/pt-pt/d/surface-laptop-5/8XN49V61S1BNeed7.html]
[www.microsoft.com/pt-pt/d/surface-laptop-5/8XN49V61S1BN7d87.html]
[www.microsoft.com/pt-pt/store/configure/pdp/8xn49v61s1bn.html]
[www.microsoft.com/pt-pt/d/surface-laptop-go-2/8pglpv76mjhn9968.html]
[www.microsoft.com/pt-pt/d/surface-laptop-5/8XN49V61S1BNdd99.html]
[www.microsoft.com/pt-pt/store/localea376.html]
[www.microsoft.com/mwf/css/MWF_20200416_22921869/west-european/store-web-scorpio/actionmenu/alert/ambientvideo/areaheading/autosuggest/banner/button/carouselbase/contentplacement/contentplac/table.5ec10e6.delaye]
[www.microsoft.com/pt-pt/d/surface-laptop-studio/GET.5ee.delayed]
[www.microsoft.com/pt-pt/store/configure/Surface-Laptop-Studio/8srdf62swkpf104b.html]
[www.microsoft.com/en-us/windows/windows-11ff6f.html]
[www.microsoft.com/pt-pt/store/r/student-discounts.5f68720.delayed]
[www.microsoft.com/pt-pt/d/surface-laptop-studio/8SRDF62SWKPFe997.html]
[www.microsoft.com/pt-pt/d/surface-laptop-studio/8SRDF62SWKPFf66d.html]
[www.microsoft.com/pt-pt/d/surface-laptop-studio/8srdf62swkpf636e.html]
[www.microsoft.com/en-us/windows/windows-11.html]
[www.microsoft.com/pt-pt/store/configure/surface-laptop-studio/8srdf62swkpf.html]
[www.microsoft.com/pt-pt/store/configure/surface-laptop-studio/8srdf62swkpf/69P9.html]
[www.microsoft.com/pt-pt/store/configure/surface-laptop-studio/8srdf62swkpf/685L.html]
[www.microsoft.com/pt-pt/store/configure/surface-laptop-studio/8srdf62swkpf/6CRT.html]
[www.microsoft.com/pt-pt/store/b/microsoft-complete.html]
[www.microsoft.com/pt-pt/d/surface-laptop-studio/8SRDF62SWKPFd9c7.html]
